PowerShell 7.2.1
Copyright (c) Microsoft Corporation.

https://aka.ms/powershell
Type 'help' to get help.

PS C:\Users\Charles Tambunan> D:
PS D:\> ssh ctambunan@192.168.231.130
ctambunan@192.168.231.130's password:
Web console: https://fedora:9090/ or https://192.168.231.130:9090/

Last login: Wed Jan 26 08:48:17 2022
[ctambunan@fedora ~]$ sudo su
[sudo] password for ctambunan:
[root@fedora 08:56:17 /home/ctambunan]$ git -v
bash: git: command not found
[root@fedora 09:06:17 /home/ctambunan]$ sudo dnf install git-all
Fedora 35 - x86_64 - Updates                                                            5.2 kB/s | 5.2 kB     00:01
Fedora 35 - x86_64 - Updates                                                            179 kB/s | 2.3 MB     00:12
Fedora Modular 35 - x86_64 - Updates                                                    5.2 kB/s | 4.9 kB     00:00
Dependencies resolved.
======================================================================================================================== Package                               Architecture        Version                           Repository            Size
========================================================================================================================Installing:
 git-all                               noarch              2.34.1-1.fc35                     updates               14 k
Installing dependencies:
 cvs                                   x86_64              1.11.23-58.fc35                   fedora               591 k
 cvsps                                 x86_64              2.2-0.29.b1.fc35                  fedora                60 k
 git                                   x86_64              2.34.1-1.fc35                     updates               67 k
 git-core                              x86_64              2.34.1-1.fc35                     updates              3.8 M
 git-core-doc                          noarch              2.34.1-1.fc35                     updates              2.4 M
 git-credential-libsecret              x86_64              2.34.1-1.fc35                     updates               21 k
 git-cvs                               noarch              2.34.1-1.fc35                     updates               99 k
 git-daemon                            x86_64              2.34.1-1.fc35                     updates              296 k
 git-email                             noarch              2.34.1-1.fc35                     updates               58 k
 git-gui                               noarch              2.34.1-1.fc35                     updates              249 k
 git-instaweb                          noarch              2.34.1-1.fc35                     updates               32 k
 git-p4                                noarch              2.34.1-1.fc35                     updates               80 k
 git-subtree                           x86_64              2.34.1-1.fc35                     updates               40 k
 git-svn                               noarch              2.34.1-1.fc35                     updates               76 k
 gitk                                  noarch              2.34.1-1.fc35                     updates              164 k
 gitweb                                noarch              2.34.1-1.fc35                     updates              150 k
 libserf                               x86_64              1.3.9-19.fc35                     fedora                59 k
 lighttpd                              x86_64              1.4.63-1.fc35                     updates              514 k
 lighttpd-filesystem                   noarch              1.4.63-1.fc35                     updates              9.0 k
 mariadb-connector-c                   x86_64              3.1.13-2.fc35                     fedora               194 k
 perl-Authen-SASL                      noarch              2.16-25.fc35                      fedora                52 k
 perl-CGI                              noarch              4.53-2.fc35                       fedora               198 k
 perl-Compress-Raw-Bzip2               x86_64              2.101-479.fc35                    fedora                34 k
 perl-Compress-Raw-Zlib                x86_64              2.101-479.fc35                    fedora                60 k
 perl-DBD-SQLite                       x86_64              1.70-1.fc35                       fedora               197 k
 perl-DBI                              x86_64              1.643-10.fc35                     fedora               702 k
 perl-Digest-HMAC                      noarch              1.04-3.fc35                       fedora                23 k
 perl-Digest-SHA                       x86_64              1:6.02-479.fc35                   fedora                61 k
 perl-Email-Valid                      noarch              1.202-16.fc35                     fedora                23 k
 perl-Encode-Locale                    noarch              1.05-21.fc35                      fedora                19 k
 perl-Error                            noarch              1:0.17029-7.fc35                  fedora                41 k
 perl-File-Find                        noarch              1.39-482.fc35                     updates               33 k
 perl-GSSAPI                           x86_64              0.28-37.fc35                      fedora                59 k
 perl-Git                              noarch              2.34.1-1.fc35                     updates               43 k
 perl-Git-SVN                          noarch              2.34.1-1.fc35                     updates               58 k
 perl-HTML-Parser                      x86_64              3.76-3.fc35                       fedora               119 k
 perl-HTML-Tagset                      noarch              3.20-48.fc35                      fedora                18 k
 perl-HTTP-Date                        noarch              6.05-7.fc35                       fedora                24 k
 perl-HTTP-Message                     noarch              6.36-1.fc35                       updates               97 k
 perl-I18N-Langinfo                    x86_64              0.19-482.fc35                     updates               30 k
 perl-IO-Compress                      noarch              2.102-479.fc35                    fedora               257 k
 perl-IO-HTML                          noarch              1.004-4.fc35                      fedora                28 k
 perl-LWP-MediaTypes                   noarch              6.04-9.fc35                       fedora                33 k
 perl-MailTools                        noarch              2.21-9.fc35                       fedora               102 k
 perl-Math-BigInt                      noarch              1:1.9998.24-1.fc35                fedora               193 k
 perl-Math-Complex                     noarch              1.59-482.fc35                     updates               54 k
 perl-Memoize                          noarch              1.03-482.fc35                     updates               64 k
 perl-Net-SMTP-SSL                     noarch              1.04-16.fc35                      fedora                12 k
 perl-Sys-Hostname                     x86_64              1.23-482.fc35                     updates               25 k
 perl-Term-ReadLine                    noarch              1.17-482.fc35                     updates               27 k
 perl-TermReadKey                      x86_64              2.38-11.fc35                      fedora                36 k
 perl-Tie                              noarch              4.6-482.fc35                      updates               39 k
 perl-Time-HiRes                       x86_64              4:1.9767-479.fc35                 fedora                57 k
 perl-TimeDate                         noarch              1:2.33-6.fc35                     fedora                51 k
 perl-YAML                             noarch              1.30-9.fc35                       fedora                81 k
 perl-filetest                         noarch              1.03-482.fc35                     updates               22 k
 perl-lib                              x86_64              0.65-482.fc35                     updates               23 k
 perl-locale                           noarch              1.10-482.fc35                     updates               21 k
 subversion                            x86_64              1.14.1-5.fc35                     fedora               1.0 M
 subversion-libs                       x86_64              1.14.1-5.fc35                     fedora               1.5 M
 subversion-perl                       x86_64              1.14.1-5.fc35                     fedora               1.0 M
 tk                                    x86_64              1:8.6.10-7.fc35                   fedora               1.6 M
 utf8proc                              x86_64              2.6.1-3.fc35                      fedora                79 k
Installing weak dependencies:
 perl-Clone                            x86_64              0.45-6.fc35                       fedora                22 k

Transaction Summary
========================================================================================================================Install  65 Packages

Total download size: 17 M
Installed size: 67 M
Is this ok [y/N]: y
Downloading Packages:
(1/65): libserf-1.3.9-19.fc35.x86_64.rpm                                                515 kB/s |  59 kB     00:00
(2/65): cvsps-2.2-0.29.b1.fc35.x86_64.rpm                                               491 kB/s |  60 kB     00:00
(3/65): perl-Authen-SASL-2.16-25.fc35.noarch.rpm                                         48 kB/s |  52 kB     00:01
(4/65): perl-CGI-4.53-2.fc35.noarch.rpm                                                  32 kB/s | 198 kB     00:06
(5/65): perl-Clone-0.45-6.fc35.x86_64.rpm                                               1.1 MB/s |  22 kB     00:00
(6/65): mariadb-connector-c-3.1.13-2.fc35.x86_64.rpm                                     24 kB/s | 194 kB     00:08
(7/65): perl-Compress-Raw-Bzip2-2.101-479.fc35.x86_64.rpm                                33 kB/s |  34 kB     00:01
(8/65): perl-DBD-SQLite-1.70-1.fc35.x86_64.rpm                                          175 kB/s | 197 kB     00:01
(9/65): perl-Compress-Raw-Zlib-2.101-479.fc35.x86_64.rpm                                 29 kB/s |  60 kB     00:02
(10/65): perl-Digest-HMAC-1.04-3.fc35.noarch.rpm                                         11 kB/s |  23 kB     00:02
(11/65): cvs-1.11.23-58.fc35.x86_64.rpm                                                  40 kB/s | 591 kB     00:14
(12/65): perl-Email-Valid-1.202-16.fc35.noarch.rpm                                      240 kB/s |  23 kB     00:00
(13/65): perl-Digest-SHA-6.02-479.fc35.x86_64.rpm                                        27 kB/s |  61 kB     00:02
(14/65): perl-Encode-Locale-1.05-21.fc35.noarch.rpm                                     194 kB/s |  19 kB     00:00
(15/65): perl-Error-0.17029-7.fc35.noarch.rpm                                           2.1 MB/s |  41 kB     00:00
(16/65): perl-GSSAPI-0.28-37.fc35.x86_64.rpm                                            2.3 MB/s |  59 kB     00:00
(17/65): perl-HTML-Tagset-3.20-48.fc35.noarch.rpm                                       1.3 MB/s |  18 kB     00:00
(18/65): perl-HTML-Parser-3.76-3.fc35.x86_64.rpm                                        1.1 MB/s | 119 kB     00:00
(19/65): perl-HTTP-Date-6.05-7.fc35.noarch.rpm                                           23 kB/s |  24 kB     00:01
(20/65): perl-IO-HTML-1.004-4.fc35.noarch.rpm                                           424 kB/s |  28 kB     00:00
(21/65): perl-LWP-MediaTypes-6.04-9.fc35.noarch.rpm                                     536 kB/s |  33 kB     00:00
(22/65): perl-IO-Compress-2.102-479.fc35.noarch.rpm                                     231 kB/s | 257 kB     00:01
(23/65): perl-MailTools-2.21-9.fc35.noarch.rpm                                          763 kB/s | 102 kB     00:00
(24/65): perl-Net-SMTP-SSL-1.04-16.fc35.noarch.rpm                                      329 kB/s |  12 kB     00:00
(25/65): perl-TermReadKey-2.38-11.fc35.x86_64.rpm                                       556 kB/s |  36 kB     00:00
(26/65): perl-Time-HiRes-1.9767-479.fc35.x86_64.rpm                                     850 kB/s |  57 kB     00:00
(27/65): perl-Math-BigInt-1.9998.24-1.fc35.noarch.rpm                                   172 kB/s | 193 kB     00:01
(28/65): perl-YAML-1.30-9.fc35.noarch.rpm                                               479 kB/s |  81 kB     00:00
(29/65): perl-TimeDate-2.33-6.fc35.noarch.rpm                                            17 kB/s |  51 kB     00:03
(30/65): perl-DBI-1.643-10.fc35.x86_64.rpm                                               34 kB/s | 702 kB     00:20
(31/65): subversion-1.14.1-5.fc35.x86_64.rpm                                             67 kB/s | 1.0 MB     00:15
(32/65): subversion-libs-1.14.1-5.fc35.x86_64.rpm                                        89 kB/s | 1.5 MB     00:17
(33/65): subversion-perl-1.14.1-5.fc35.x86_64.rpm                                        95 kB/s | 1.0 MB     00:10
(34/65): git-2.34.1-1.fc35.x86_64.rpm                                                    47 kB/s |  67 kB     00:01
(35/65): git-all-2.34.1-1.fc35.noarch.rpm                                                76 kB/s |  14 kB     00:00
(36/65): utf8proc-2.6.1-3.fc35.x86_64.rpm                                                12 kB/s |  79 kB     00:06
(37/65): git-core-2.34.1-1.fc35.x86_64.rpm                                              1.3 MB/s | 3.8 MB     00:02
(38/65): git-core-doc-2.34.1-1.fc35.noarch.rpm                                          666 kB/s | 2.4 MB     00:03
(39/65): git-credential-libsecret-2.34.1-1.fc35.x86_64.rpm                               21 kB/s |  21 kB     00:00
(40/65): git-cvs-2.34.1-1.fc35.noarch.rpm                                               323 kB/s |  99 kB     00:00
(41/65): git-daemon-2.34.1-1.fc35.x86_64.rpm                                            586 kB/s | 296 kB     00:00
(42/65): git-email-2.34.1-1.fc35.noarch.rpm                                             194 kB/s |  58 kB     00:00
(43/65): git-gui-2.34.1-1.fc35.noarch.rpm                                               715 kB/s | 249 kB     00:00
(44/65): git-instaweb-2.34.1-1.fc35.noarch.rpm                                          125 kB/s |  32 kB     00:00
(45/65): git-p4-2.34.1-1.fc35.noarch.rpm                                                417 kB/s |  80 kB     00:00
(46/65): git-subtree-2.34.1-1.fc35.x86_64.rpm                                           111 kB/s |  40 kB     00:00
(47/65): git-svn-2.34.1-1.fc35.noarch.rpm                                               177 kB/s |  76 kB     00:00
(48/65): gitk-2.34.1-1.fc35.noarch.rpm                                                  424 kB/s | 164 kB     00:00
(49/65): gitweb-2.34.1-1.fc35.noarch.rpm                                                370 kB/s | 150 kB     00:00
(50/65): lighttpd-1.4.63-1.fc35.x86_64.rpm                                              544 kB/s | 514 kB     00:00
(51/65): lighttpd-filesystem-1.4.63-1.fc35.noarch.rpm                                    14 kB/s | 9.0 kB     00:00
(52/65): perl-File-Find-1.39-482.fc35.noarch.rpm                                        173 kB/s |  33 kB     00:00
(53/65): perl-Git-2.34.1-1.fc35.noarch.rpm                                              165 kB/s |  43 kB     00:00
(54/65): perl-Git-SVN-2.34.1-1.fc35.noarch.rpm                                          288 kB/s |  58 kB     00:00
(55/65): perl-HTTP-Message-6.36-1.fc35.noarch.rpm                                       174 kB/s |  97 kB     00:00
(56/65): perl-I18N-Langinfo-0.19-482.fc35.x86_64.rpm                                     70 kB/s |  30 kB     00:00
(57/65): perl-Math-Complex-1.59-482.fc35.noarch.rpm                                     279 kB/s |  54 kB     00:00
(58/65): perl-Memoize-1.03-482.fc35.noarch.rpm                                          178 kB/s |  64 kB     00:00
(59/65): perl-Sys-Hostname-1.23-482.fc35.x86_64.rpm                                     136 kB/s |  25 kB     00:00
(60/65): perl-Term-ReadLine-1.17-482.fc35.noarch.rpm                                    125 kB/s |  27 kB     00:00
(61/65): perl-Tie-4.6-482.fc35.noarch.rpm                                               152 kB/s |  39 kB     00:00
(62/65): perl-filetest-1.03-482.fc35.noarch.rpm                                         192 kB/s |  22 kB     00:00
(63/65): perl-lib-0.65-482.fc35.x86_64.rpm                                               72 kB/s |  23 kB     00:00
(64/65): perl-locale-1.10-482.fc35.noarch.rpm                                            82 kB/s |  21 kB     00:00
(65/65): tk-8.6.10-7.fc35.x86_64.rpm                                                     74 kB/s | 1.6 MB     00:21
------------------------------------------------------------------------------------------------------------------------Total                                                                                   312 kB/s |  17 MB     00:55
Running transaction check
Transaction check succeeded.
Running transaction test
Transaction test succeeded.
Running transaction
  Preparing        :                                                                                                1/1
  Installing       : perl-lib-0.65-482.fc35.x86_64                                                                 1/65
  Installing       : git-core-2.34.1-1.fc35.x86_64                                                                 2/65
  Installing       : perl-TermReadKey-2.38-11.fc35.x86_64                                                          3/65
  Installing       : perl-Memoize-1.03-482.fc35.noarch                                                             4/65
  Installing       : perl-File-Find-1.39-482.fc35.noarch                                                           5/65
  Installing       : utf8proc-2.6.1-3.fc35.x86_64                                                                  6/65
  Running scriptlet: tk-1:8.6.10-7.fc35.x86_64                                                                     7/65
  Installing       : tk-1:8.6.10-7.fc35.x86_64                                                                     7/65
  Installing       : perl-TimeDate-1:2.33-6.fc35.noarch                                                            8/65
  Installing       : perl-Net-SMTP-SSL-1.04-16.fc35.noarch                                                         9/65
  Installing       : perl-MailTools-2.21-9.fc35.noarch                                                            10/65
  Installing       : perl-Error-1:0.17029-7.fc35.noarch                                                           11/65
  Installing       : perl-Compress-Raw-Zlib-2.101-479.fc35.x86_64                                                 12/65
  Installing       : perl-Clone-0.45-6.fc35.x86_64                                                                13/65
  Installing       : cvs-1.11.23-58.fc35.x86_64                                                                   14/65
  Running scriptlet: cvs-1.11.23-58.fc35.x86_64                                                                   14/65
  Installing       : cvsps-2.2-0.29.b1.fc35.x86_64                                                                15/65
  Installing       : perl-Email-Valid-1.202-16.fc35.noarch                                                        16/65
  Installing       : perl-HTTP-Date-6.05-7.fc35.noarch                                                            17/65
  Installing       : git-core-doc-2.34.1-1.fc35.noarch                                                            18/65
  Installing       : git-2.34.1-1.fc35.x86_64                                                                     19/65
  Installing       : perl-Git-2.34.1-1.fc35.noarch                                                                20/65
  Installing       : git-gui-2.34.1-1.fc35.noarch                                                                 21/65
  Installing       : gitk-2.34.1-1.fc35.noarch                                                                    22/65
  Installing       : git-credential-libsecret-2.34.1-1.fc35.x86_64                                                23/65
  Installing       : git-p4-2.34.1-1.fc35.noarch                                                                  24/65
  Installing       : git-daemon-2.34.1-1.fc35.x86_64                                                              25/65
  Running scriptlet: git-daemon-2.34.1-1.fc35.x86_64                                                              25/65
  Installing       : git-subtree-2.34.1-1.fc35.x86_64                                                             26/65
  Installing       : perl-locale-1.10-482.fc35.noarch                                                             27/65
  Installing       : perl-filetest-1.03-482.fc35.noarch                                                           28/65
  Installing       : perl-Tie-4.6-482.fc35.noarch                                                                 29/65
  Installing       : perl-Term-ReadLine-1.17-482.fc35.noarch                                                      30/65
  Installing       : perl-Sys-Hostname-1.23-482.fc35.x86_64                                                       31/65
  Installing       : perl-Math-Complex-1.59-482.fc35.noarch                                                       32/65
  Installing       : perl-Math-BigInt-1:1.9998.24-1.fc35.noarch                                                   33/65
  Installing       : perl-DBI-1.643-10.fc35.x86_64                                                                34/65
  Installing       : perl-DBD-SQLite-1.70-1.fc35.x86_64                                                           35/65
  Installing       : git-cvs-2.34.1-1.fc35.noarch                                                                 36/65
  Installing       : perl-I18N-Langinfo-0.19-482.fc35.x86_64                                                      37/65
  Installing       : perl-Encode-Locale-1.05-21.fc35.noarch                                                       38/65
  Running scriptlet: lighttpd-filesystem-1.4.63-1.fc35.noarch                                                     39/65
  Installing       : lighttpd-filesystem-1.4.63-1.fc35.noarch                                                     39/65
  Installing       : perl-YAML-1.30-9.fc35.noarch                                                                 40/65
  Installing       : perl-Time-HiRes-4:1.9767-479.fc35.x86_64                                                     41/65
  Installing       : perl-LWP-MediaTypes-6.04-9.fc35.noarch                                                       42/65
  Installing       : perl-IO-HTML-1.004-4.fc35.noarch                                                             43/65
  Installing       : perl-HTML-Tagset-3.20-48.fc35.noarch                                                         44/65
  Installing       : perl-GSSAPI-0.28-37.fc35.x86_64                                                              45/65
  Installing       : perl-Digest-SHA-1:6.02-479.fc35.x86_64                                                       46/65
  Installing       : perl-Digest-HMAC-1.04-3.fc35.noarch                                                          47/65
  Installing       : perl-Authen-SASL-2.16-25.fc35.noarch                                                         48/65
  Installing       : git-email-2.34.1-1.fc35.noarch                                                               49/65
  Installing       : perl-Compress-Raw-Bzip2-2.101-479.fc35.x86_64                                                50/65
  Installing       : perl-IO-Compress-2.102-479.fc35.noarch                                                       51/65
  Installing       : perl-HTTP-Message-6.36-1.fc35.noarch                                                         52/65
  Installing       : perl-HTML-Parser-3.76-3.fc35.x86_64                                                          53/65
  Installing       : perl-CGI-4.53-2.fc35.noarch                                                                  54/65
  Installing       : gitweb-2.34.1-1.fc35.noarch                                                                  55/65
  Installing       : mariadb-connector-c-3.1.13-2.fc35.x86_64                                                     56/65
  Installing       : lighttpd-1.4.63-1.fc35.x86_64                                                                57/65
  Running scriptlet: lighttpd-1.4.63-1.fc35.x86_64                                                                57/65
  Installing       : git-instaweb-2.34.1-1.fc35.noarch                                                            58/65
  Installing       : libserf-1.3.9-19.fc35.x86_64                                                                 59/65
  Installing       : subversion-libs-1.14.1-5.fc35.x86_64                                                         60/65
  Installing       : subversion-1.14.1-5.fc35.x86_64                                                              61/65
  Running scriptlet: subversion-1.14.1-5.fc35.x86_64                                                              61/65
  Installing       : subversion-perl-1.14.1-5.fc35.x86_64                                                         62/65
  Installing       : perl-Git-SVN-2.34.1-1.fc35.noarch                                                            63/65
  Installing       : git-svn-2.34.1-1.fc35.noarch                                                                 64/65
  Installing       : git-all-2.34.1-1.fc35.noarch                                                                 65/65
  Running scriptlet: git-all-2.34.1-1.fc35.noarch                                                                 65/65
  Verifying        : cvs-1.11.23-58.fc35.x86_64                                                                    1/65
  Verifying        : cvsps-2.2-0.29.b1.fc35.x86_64                                                                 2/65
  Verifying        : libserf-1.3.9-19.fc35.x86_64                                                                  3/65
  Verifying        : mariadb-connector-c-3.1.13-2.fc35.x86_64                                                      4/65
  Verifying        : perl-Authen-SASL-2.16-25.fc35.noarch                                                          5/65
  Verifying        : perl-CGI-4.53-2.fc35.noarch                                                                   6/65
  Verifying        : perl-Clone-0.45-6.fc35.x86_64                                                                 7/65
  Verifying        : perl-Compress-Raw-Bzip2-2.101-479.fc35.x86_64                                                 8/65
  Verifying        : perl-Compress-Raw-Zlib-2.101-479.fc35.x86_64                                                  9/65
  Verifying        : perl-DBD-SQLite-1.70-1.fc35.x86_64                                                           10/65
  Verifying        : perl-DBI-1.643-10.fc35.x86_64                                                                11/65
  Verifying        : perl-Digest-HMAC-1.04-3.fc35.noarch                                                          12/65
  Verifying        : perl-Digest-SHA-1:6.02-479.fc35.x86_64                                                       13/65
  Verifying        : perl-Email-Valid-1.202-16.fc35.noarch                                                        14/65
  Verifying        : perl-Encode-Locale-1.05-21.fc35.noarch                                                       15/65
  Verifying        : perl-Error-1:0.17029-7.fc35.noarch                                                           16/65
  Verifying        : perl-GSSAPI-0.28-37.fc35.x86_64                                                              17/65
  Verifying        : perl-HTML-Parser-3.76-3.fc35.x86_64                                                          18/65
  Verifying        : perl-HTML-Tagset-3.20-48.fc35.noarch                                                         19/65
  Verifying        : perl-HTTP-Date-6.05-7.fc35.noarch                                                            20/65
  Verifying        : perl-IO-Compress-2.102-479.fc35.noarch                                                       21/65
  Verifying        : perl-IO-HTML-1.004-4.fc35.noarch                                                             22/65
  Verifying        : perl-LWP-MediaTypes-6.04-9.fc35.noarch                                                       23/65
  Verifying        : perl-MailTools-2.21-9.fc35.noarch                                                            24/65
  Verifying        : perl-Math-BigInt-1:1.9998.24-1.fc35.noarch                                                   25/65
  Verifying        : perl-Net-SMTP-SSL-1.04-16.fc35.noarch                                                        26/65
  Verifying        : perl-TermReadKey-2.38-11.fc35.x86_64                                                         27/65
  Verifying        : perl-Time-HiRes-4:1.9767-479.fc35.x86_64                                                     28/65
  Verifying        : perl-TimeDate-1:2.33-6.fc35.noarch                                                           29/65
  Verifying        : perl-YAML-1.30-9.fc35.noarch                                                                 30/65
  Verifying        : subversion-1.14.1-5.fc35.x86_64                                                              31/65
  Verifying        : subversion-libs-1.14.1-5.fc35.x86_64                                                         32/65
  Verifying        : subversion-perl-1.14.1-5.fc35.x86_64                                                         33/65
  Verifying        : tk-1:8.6.10-7.fc35.x86_64                                                                    34/65
  Verifying        : utf8proc-2.6.1-3.fc35.x86_64                                                                 35/65
  Verifying        : git-2.34.1-1.fc35.x86_64                                                                     36/65
  Verifying        : git-all-2.34.1-1.fc35.noarch                                                                 37/65
  Verifying        : git-core-2.34.1-1.fc35.x86_64                                                                38/65
  Verifying        : git-core-doc-2.34.1-1.fc35.noarch                                                            39/65
  Verifying        : git-credential-libsecret-2.34.1-1.fc35.x86_64                                                40/65
  Verifying        : git-cvs-2.34.1-1.fc35.noarch                                                                 41/65
  Verifying        : git-daemon-2.34.1-1.fc35.x86_64                                                              42/65
  Verifying        : git-email-2.34.1-1.fc35.noarch                                                               43/65
  Verifying        : git-gui-2.34.1-1.fc35.noarch                                                                 44/65
  Verifying        : git-instaweb-2.34.1-1.fc35.noarch                                                            45/65
  Verifying        : git-p4-2.34.1-1.fc35.noarch                                                                  46/65
  Verifying        : git-subtree-2.34.1-1.fc35.x86_64                                                             47/65
  Verifying        : git-svn-2.34.1-1.fc35.noarch                                                                 48/65
  Verifying        : gitk-2.34.1-1.fc35.noarch                                                                    49/65
  Verifying        : gitweb-2.34.1-1.fc35.noarch                                                                  50/65
  Verifying        : lighttpd-1.4.63-1.fc35.x86_64                                                                51/65
  Verifying        : lighttpd-filesystem-1.4.63-1.fc35.noarch                                                     52/65
  Verifying        : perl-File-Find-1.39-482.fc35.noarch                                                          53/65
  Verifying        : perl-Git-2.34.1-1.fc35.noarch                                                                54/65
  Verifying        : perl-Git-SVN-2.34.1-1.fc35.noarch                                                            55/65
  Verifying        : perl-HTTP-Message-6.36-1.fc35.noarch                                                         56/65
  Verifying        : perl-I18N-Langinfo-0.19-482.fc35.x86_64                                                      57/65
  Verifying        : perl-Math-Complex-1.59-482.fc35.noarch                                                       58/65
  Verifying        : perl-Memoize-1.03-482.fc35.noarch                                                            59/65
  Verifying        : perl-Sys-Hostname-1.23-482.fc35.x86_64                                                       60/65
  Verifying        : perl-Term-ReadLine-1.17-482.fc35.noarch                                                      61/65
  Verifying        : perl-Tie-4.6-482.fc35.noarch                                                                 62/65
  Verifying        : perl-filetest-1.03-482.fc35.noarch                                                           63/65
  Verifying        : perl-lib-0.65-482.fc35.x86_64                                                                64/65
  Verifying        : perl-locale-1.10-482.fc35.noarch                                                             65/65

Installed:
  cvs-1.11.23-58.fc35.x86_64                                  cvsps-2.2-0.29.b1.fc35.x86_64
  git-2.34.1-1.fc35.x86_64                                    git-all-2.34.1-1.fc35.noarch
  git-core-2.34.1-1.fc35.x86_64                               git-core-doc-2.34.1-1.fc35.noarch
  git-credential-libsecret-2.34.1-1.fc35.x86_64               git-cvs-2.34.1-1.fc35.noarch
  git-daemon-2.34.1-1.fc35.x86_64                             git-email-2.34.1-1.fc35.noarch
  git-gui-2.34.1-1.fc35.noarch                                git-instaweb-2.34.1-1.fc35.noarch
  git-p4-2.34.1-1.fc35.noarch                                 git-subtree-2.34.1-1.fc35.x86_64
  git-svn-2.34.1-1.fc35.noarch                                gitk-2.34.1-1.fc35.noarch
  gitweb-2.34.1-1.fc35.noarch                                 libserf-1.3.9-19.fc35.x86_64
  lighttpd-1.4.63-1.fc35.x86_64                               lighttpd-filesystem-1.4.63-1.fc35.noarch
  mariadb-connector-c-3.1.13-2.fc35.x86_64                    perl-Authen-SASL-2.16-25.fc35.noarch
  perl-CGI-4.53-2.fc35.noarch                                 perl-Clone-0.45-6.fc35.x86_64
  perl-Compress-Raw-Bzip2-2.101-479.fc35.x86_64               perl-Compress-Raw-Zlib-2.101-479.fc35.x86_64
  perl-DBD-SQLite-1.70-1.fc35.x86_64                          perl-DBI-1.643-10.fc35.x86_64
  perl-Digest-HMAC-1.04-3.fc35.noarch                         perl-Digest-SHA-1:6.02-479.fc35.x86_64
  perl-Email-Valid-1.202-16.fc35.noarch                       perl-Encode-Locale-1.05-21.fc35.noarch
  perl-Error-1:0.17029-7.fc35.noarch                          perl-File-Find-1.39-482.fc35.noarch
  perl-GSSAPI-0.28-37.fc35.x86_64                             perl-Git-2.34.1-1.fc35.noarch
  perl-Git-SVN-2.34.1-1.fc35.noarch                           perl-HTML-Parser-3.76-3.fc35.x86_64
  perl-HTML-Tagset-3.20-48.fc35.noarch                        perl-HTTP-Date-6.05-7.fc35.noarch
  perl-HTTP-Message-6.36-1.fc35.noarch                        perl-I18N-Langinfo-0.19-482.fc35.x86_64
  perl-IO-Compress-2.102-479.fc35.noarch                      perl-IO-HTML-1.004-4.fc35.noarch
  perl-LWP-MediaTypes-6.04-9.fc35.noarch                      perl-MailTools-2.21-9.fc35.noarch
  perl-Math-BigInt-1:1.9998.24-1.fc35.noarch                  perl-Math-Complex-1.59-482.fc35.noarch
  perl-Memoize-1.03-482.fc35.noarch                           perl-Net-SMTP-SSL-1.04-16.fc35.noarch
  perl-Sys-Hostname-1.23-482.fc35.x86_64                      perl-Term-ReadLine-1.17-482.fc35.noarch
  perl-TermReadKey-2.38-11.fc35.x86_64                        perl-Tie-4.6-482.fc35.noarch
  perl-Time-HiRes-4:1.9767-479.fc35.x86_64                    perl-TimeDate-1:2.33-6.fc35.noarch
  perl-YAML-1.30-9.fc35.noarch                                perl-filetest-1.03-482.fc35.noarch
  perl-lib-0.65-482.fc35.x86_64                               perl-locale-1.10-482.fc35.noarch
  subversion-1.14.1-5.fc35.x86_64                             subversion-libs-1.14.1-5.fc35.x86_64
  subversion-perl-1.14.1-5.fc35.x86_64                        tk-1:8.6.10-7.fc35.x86_64
  utf8proc-2.6.1-3.fc35.x86_64

Complete!
[root@fedora 09:08:38 /home/ctambunan]$ git -v
unknown option: -v
usage: git [--version] [--help] [-C <path>] [-c <name>=<value>]
           [--exec-path[=<path>]] [--html-path] [--man-path] [--info-path]
           [-p | --paginate | -P | --no-pager] [--no-replace-objects] [--bare]
           [--git-dir=<path>] [--work-tree=<path>] [--namespace=<name>]
           [--super-prefix=<path>] [--config-env=<name>=<envvar>]
           <command> [<args>]
[root@fedora 09:10:32 /home/ctambunan]$ git -version
unknown option: -version
usage: git [--version] [--help] [-C <path>] [-c <name>=<value>]
           [--exec-path[=<path>]] [--html-path] [--man-path] [--info-path]
           [-p | --paginate | -P | --no-pager] [--no-replace-objects] [--bare]
           [--git-dir=<path>] [--work-tree=<path>] [--namespace=<name>]
           [--super-prefix=<path>] [--config-env=<name>=<envvar>]

           <command> [<args>]

[root@fedora 09:10:37 /home/ctambunan]$ git --version
git version 2.34.1
[root@fedora 09:10:42 /home/ctambunan]$ ssh git@gitlab.com 2fa_recovery_codes

The authenticity of host 'gitlab.com (172.65.251.78)' can't be established.
ED25519 key fingerprint is SHA256:eUXGGm1YGsMAS7vkcx6JOJdOGHPem5gQp4taiCfCLB8.
This key is not known by any other names
Are you sure you want to continue connecting (yes/no/[fingerprint])? yes
Warning: Permanently added 'gitlab.com' (ED25519) to the list of known hosts.
git@gitlab.com: Permission denied (publickey,keyboard-interactive).
[root@fedora 11:53:01 /home/ctambunan]$ poweroff
[root@fedora 12:22:29 /home/ctambunan]$ Connection to 192.168.231.130 closed by remote host.
Connection to 192.168.231.130 closed.
PS D:\> ssh ctambunan@192.168.231.130
ctambunan@192.168.231.130's password:
Web console: https://fedora:9090/ or https://192.168.231.130:9090/

Last login: Wed Jan 26 13:14:31 2022
[ctambunan@fedora ~]$ sudo su
[sudo] password for ctambunan:
[root@fedora 13:14:54 /home/ctambunan]$ rpm --import https://artifacts.elastic.co/GPG-KEY-elasticsearch
[root@fedora 13:15:52 /home/ctambunan]$ nano /etc/yum.repos.d/
[root@fedora 13:16:27 /home/ctambunan]$ nano /etc/yum.repos.d/elasticsearch.repo
[root@fedora 13:16:51 /home/ctambunan]$ sudo dnf install --enablerepo=elasticsearch elasticsearch
Elasticsearch repository for 7.x packages                             1.7 MB/s |  39 MB     00:23
Last metadata expiration check: 0:00:36 ago on Wed 26 Jan 2022 01:18:32 PM WIB.
Dependencies resolved.
====================================================================================================== Package                   Architecture       Version                 Repository                 Size
======================================================================================================Installing:
 elasticsearch             x86_64             7.16.3-1                elasticsearch             297 M

Transaction Summary
======================================================================================================Install  1 Package

Total download size: 297 M
Installed size: 493 M
Is this ok [y/N]: y
Downloading Packages:
elasticsearch-7.16.3-x86_64.rpm                                       2.2 MB/s | 297 MB     02:13
------------------------------------------------------------------------------------------------------Total                                                                 2.2 MB/s | 297 MB     02:13
Running transaction check
Transaction check succeeded.
Running transaction test
Transaction test succeeded.
Running transaction
  Preparing        :                                                                              1/1
  Running scriptlet: elasticsearch-7.16.3-1.x86_64                                                1/1
Creating elasticsearch group... OK
Creating elasticsearch user... OK

  Installing       : elasticsearch-7.16.3-1.x86_64                                                1/1
  Running scriptlet: elasticsearch-7.16.3-1.x86_64                                                1/1
### NOT starting on installation, please execute the following statements to configure elasticsearch service to start automatically using systemd
 sudo systemctl daemon-reload
 sudo systemctl enable elasticsearch.service
### You can start elasticsearch service by executing
 sudo systemctl start elasticsearch.service

Created elasticsearch keystore in /etc/elasticsearch/elasticsearch.keystore

/usr/lib/tmpfiles.d/elasticsearch.conf:1: Line references path below legacy directory /var/run/, updating /var/run/elasticsearch â†’ /run/elasticsearch; please update the tmpfiles.d/ drop-in file accordingly.

  Verifying        : elasticsearch-7.16.3-1.x86_64                                                1/1

Installed:
  elasticsearch-7.16.3-1.x86_64

Complete!
[root@fedora 13:21:53 /home/ctambunan]$ ls -la
total 136
drwx------. 14 ctambunan ctambunan  4096 Jan 13 16:05 .
drwxr-xr-x. 10 root      root        146 Jan 19 23:15 ..
-rw-------.  1 ctambunan ctambunan  1252 Jan 21 20:31 .bash_history
-rw-r--r--.  1 ctambunan ctambunan    18 Jul 22  2021 .bash_logout
-rw-r--r--.  1 ctambunan ctambunan   141 Jul 22  2021 .bash_profile
-rw-r--r--.  1 ctambunan ctambunan   492 Jul 22  2021 .bashrc
-rw-r--r--.  1 root      root       1083 Jan  7 13:09 charles.h
drwxr-xr-x.  2 root      root         25 Jan  4 09:42 charles_tambunan
-rw-r--r--.  1 root      root        583 Jan  7 13:11 charles.tar
-rw-r--r--.  1 root      root        583 Jan  7 13:10 charles.tar.gz
-rw-r--r--.  1 root      root         20 Jan 13 16:05 cookies.txt
drwxr-xr-x.  2 root      root         64 Jan  4 12:04 dongan
-rw-r--r--.  1 ctambunan ctambunan 19966 Jan  7 17:02 history
-rw-r--r--.  1 root      root          0 Jan  5 06:55 konyolmsg
-rw-------.  1 ctambunan ctambunan    20 Jan  7 16:57 .lesshst
-rw-r--r--.  1 root      root          0 Jan 13 11:38 man
-rw-r--r--.  1 root      root          0 Jan 12 17:34 my_first_cron_job.txt
-rw-r--r--.  1 root      root         32 Jan 12 16:30 myjob.txt
-rw-r--r--.  1 root      root       1083 Jan  7 13:15 my_second_cron_job.txt
-rw-r--r--.  1 root      root         24 Jan 12 11:22 output-servera
-rw-r--r--.  1 root      root          0 Jan 12 11:22 output-serverb
-rw-r--r--.  1 root      root       1035 Jan 10 11:04 output.txt
-rw-r--r--.  1 root      root      20168 Jan  5 06:43 passwd.ps
drwx------.  2 ctambunan ctambunan    71 Jan  7 17:00 .ssh
drwxr-xr-x.  2 root      root          6 Jan  8 09:16 TambunanG
drwxr-xr-x.  2 root      root         86 Jan  6 17:20 TambunanH
drwxr-xr-x.  2 root      root       4096 Jan  8 09:18 TambunanJ
drwxr-xr-x.  2 root      root       4096 Jan  7 17:53 TambunanLogFiles
drwxrwxrwx. 15 root      root       8192 Jan 24 17:39 TambunanShellScripting
drwxr-xr-x.  4 root      root       4096 Jan 13 11:52 TambunanW
drwxr-xr-x.  7 root      root        139 Jan  5 07:41 TambunanX
drwxr-xr-x.  5 root      root       4096 Jan  5 15:05 TambunanY
drwxr-xr-x.  2 root      root         95 Jan  5 18:47 TambunanZ
-rw-r--r--.  1 root      root         13 Jan 13 16:00 tea.txt
-rw-------.  1 ctambunan ctambunan  1087 Jan  5 15:05 .viminfo
-rw-r--r--.  1 root      root        166 Jan  4 09:32 zcat
[root@fedora 13:25:18 /home/ctambunan]$ cd TambunanLogFiles/
[root@fedora 13:25:23 /home/ctambunan/TambunanLogFiles]$ ls -la
total 268
drwxr-xr-x.  2 root      root       4096 Jan  7 17:53 .
drwx------. 14 ctambunan ctambunan  4096 Jan 13 16:05 ..
-rw-r--r--.  1 root      root        352 Jan  7 02:34 charles10.txt
-rw-r--r--.  1 root      root      62322 Jan  7 13:31 charles11.txt
-rw-r--r--.  1 ctambunan ctambunan 19966 Jan  7 17:03 charles12.txt
-rw-r--r--.  1 root      root      21127 Jan  7 17:13 charles14.txt
-rw-r--r--.  1 root      root      19349 Jan  6 23:22 charles1.txt
-rw-r--r--.  1 root      root      15831 Jan  6 15:21 charles2.txt
-rw-r--r--.  1 root      root      15891 Jan  6 15:22 charles3.txt
-rw-r--r--.  1 root      root         29 Jan  4 11:08 charles4.txt
-rw-r--r--.  1 root      root      14123 Jan  7 01:54 charles5.txt
-rw-r--r--.  1 root      root       9050 Jan  7 01:58 charles6.txt
-rw-r--r--.  1 root      root      19791 Jan  7 01:59 charles7.txt
-rw-r--r--.  1 root      root        309 Jan  7 02:09 charles8.txt
-rw-r--r--.  1 root      root      20337 Jan  7 02:11 charles9.txt
-rw-r--r--.  1 root      root      19319 Jan  6 23:21 charles.txt
[root@fedora 13:25:25 /home/ctambunan/TambunanLogFiles]$ cd ..
[root@fedora 13:25:30 /home/ctambunan]$ ls -la
total 136
drwx------. 14 ctambunan ctambunan  4096 Jan 13 16:05 .
drwxr-xr-x. 10 root      root        146 Jan 19 23:15 ..
-rw-------.  1 ctambunan ctambunan  1252 Jan 21 20:31 .bash_history
-rw-r--r--.  1 ctambunan ctambunan    18 Jul 22  2021 .bash_logout
-rw-r--r--.  1 ctambunan ctambunan   141 Jul 22  2021 .bash_profile
-rw-r--r--.  1 ctambunan ctambunan   492 Jul 22  2021 .bashrc
-rw-r--r--.  1 root      root       1083 Jan  7 13:09 charles.h
drwxr-xr-x.  2 root      root         25 Jan  4 09:42 charles_tambunan
-rw-r--r--.  1 root      root        583 Jan  7 13:11 charles.tar
-rw-r--r--.  1 root      root        583 Jan  7 13:10 charles.tar.gz
-rw-r--r--.  1 root      root         20 Jan 13 16:05 cookies.txt
drwxr-xr-x.  2 root      root         64 Jan  4 12:04 dongan
-rw-r--r--.  1 ctambunan ctambunan 19966 Jan  7 17:02 history
-rw-r--r--.  1 root      root          0 Jan  5 06:55 konyolmsg
-rw-------.  1 ctambunan ctambunan    20 Jan  7 16:57 .lesshst
-rw-r--r--.  1 root      root          0 Jan 13 11:38 man
-rw-r--r--.  1 root      root          0 Jan 12 17:34 my_first_cron_job.txt
-rw-r--r--.  1 root      root         32 Jan 12 16:30 myjob.txt
-rw-r--r--.  1 root      root       1083 Jan  7 13:15 my_second_cron_job.txt
-rw-r--r--.  1 root      root         24 Jan 12 11:22 output-servera
-rw-r--r--.  1 root      root          0 Jan 12 11:22 output-serverb
-rw-r--r--.  1 root      root       1035 Jan 10 11:04 output.txt
-rw-r--r--.  1 root      root      20168 Jan  5 06:43 passwd.ps
drwx------.  2 ctambunan ctambunan    71 Jan  7 17:00 .ssh
drwxr-xr-x.  2 root      root          6 Jan  8 09:16 TambunanG
drwxr-xr-x.  2 root      root         86 Jan  6 17:20 TambunanH
drwxr-xr-x.  2 root      root       4096 Jan  8 09:18 TambunanJ
drwxr-xr-x.  2 root      root       4096 Jan  7 17:53 TambunanLogFiles
drwxrwxrwx. 15 root      root       8192 Jan 24 17:39 TambunanShellScripting
drwxr-xr-x.  4 root      root       4096 Jan 13 11:52 TambunanW
drwxr-xr-x.  7 root      root        139 Jan  5 07:41 TambunanX
drwxr-xr-x.  5 root      root       4096 Jan  5 15:05 TambunanY
drwxr-xr-x.  2 root      root         95 Jan  5 18:47 TambunanZ
-rw-r--r--.  1 root      root         13 Jan 13 16:00 tea.txt
-rw-------.  1 ctambunan ctambunan  1087 Jan  5 15:05 .viminfo
-rw-r--r--.  1 root      root        166 Jan  4 09:32 zcat
[root@fedora 13:25:32 /home/ctambunan]$ cd TambunanShellScripting/
[root@fedora 13:25:36 /home/ctambunan/TambunanShellScripting]$ ls -la
total 4824
drwxrwxrwx. 15 root      root         8192 Jan 24 17:39 .
drwx------. 14 ctambunan ctambunan    4096 Jan 13 16:05 ..
drwxr-xr-x.  2 root      root            6 Jan 10 15:16 1
-rw-r--r--.  1 root      root           41 Jan 10 11:08 andidori.sh
drwxr-xr-x.  2 root      root            6 Jan 10 15:16 echo
-rwxr-xr-x.  1 root      root          414 Jan 10 11:04 firstscript.sh
-rw-r--r--.  1 root      root           79 Jan 10 17:36 FiveScript.sh
-rw-r--r--.  1 root      root          121 Jan 10 16:45 FourthScript.sh
-rw-r--r--.  1 root      root            0 Jan 24 09:08 History_of_Redhat_Fedora_Server100.txt
-rw-r--r--.  1 root      root        14442 Jan 10 11:31 History_of_Redhat_Fedora_Server_41.txt
-rw-r--r--.  1 root      root        15355 Jan 10 11:43 History_of_Redhat_Fedora_Server_42.txt
-rw-r--r--.  1 root      root        16385 Jan 10 12:40 History_of_Redhat_Fedora_Server_43.txt
-rw-r--r--.  1 root      root        19270 Jan 10 17:37 History_of_Redhat_Fedora_Server_44.txt
-rw-r--r--.  1 root      root        32338 Jan 19 20:04 History_of_Redhat_Fedora_Server_45.txt
-rw-r--r--.  1 root      root        32379 Jan 19 20:04 History_of_Redhat_Fedora_Server_46.txt
-rw-r--r--.  1 root      root        32422 Jan 19 20:04 History_of_Redhat_Fedora_Server_47.txt
-rw-r--r--.  1 root      root        32458 Jan 19 20:04 History_of_Redhat_Fedora_Server_48.txt
-rw-r--r--.  1 root      root        32501 Jan 19 20:04 History_of_Redhat_Fedora_Server_49.txt
-rw-r--r--.  1 root      root        32546 Jan 19 20:04 History_of_Redhat_Fedora_Server_50.txt
-rw-r--r--.  1 root      root        20450 Jan 11 18:29 History_of_Redhat_Fedora_Server51.txt
-rw-r--r--.  1 root      root      2553981 Jan 12 09:34 History_of_Redhat_Fedora_Server52.txt
-rw-r--r--.  1 root      root        25250 Jan 12 10:56 History_of_Redhat_Fedora_Server53.txt
-rw-r--r--.  1 root      root          745 Jan 12 11:25 History_of_Redhat_Fedora_Server54.txt
-rw-r--r--.  1 root      root        26304 Jan 12 11:59 History_of_Redhat_Fedora_Server55.txt
-rw-r--r--.  1 root      root          491 Jan 12 18:35 History_of_Redhat_Fedora_Server56.txt
-rw-r--r--.  1 root      root          525 Jan 12 18:35 History_of_Redhat_Fedora_Server57.txt
-rw-r--r--.  1 root      root        28194 Jan 12 18:52 History_of_Redhat_Fedora_Server58.txt
-rw-r--r--.  1 root      root        29026 Jan 13 10:29 History_of_Redhat_Fedora_Server59.txt
-rw-r--r--.  1 root      root          823 Jan 13 11:37 History_of_Redhat_Fedora_Server60.txt
-rw-r--r--.  1 root      root        30594 Jan 13 11:47 History_of_Redhat_Fedora_Server61.txt
-rw-r--r--.  1 root      root        31069 Jan 13 12:46 History_of_Redhat_Fedora_Server62.txt
-rw-r--r--.  1 root      root        31533 Jan 14 10:26 History_of_Redhat_Fedora_Server63.txt
-rw-r--r--.  1 root      root        31146 Jan 14 16:23 History_of_Redhat_Fedora_Server64.txt
-rw-r--r--.  1 root      root        31622 Jan 14 18:15 History_of_Redhat_Fedora_Server65.txt
-rw-r--r--.  1 root      root        31441 Jan 17 13:15 History_of_Redhat_Fedora_Server66.txt
-rw-r--r--.  1 root      root        31459 Jan 17 16:04 History_of_Redhat_Fedora_Server67.txt
-rw-r--r--.  1 root      root        31586 Jan 17 16:26 History_of_Redhat_Fedora_Server68.txt
-rw-r--r--.  1 root      root        31468 Jan 17 16:31 History_of_Redhat_Fedora_Server69.txt
-rw-r--r--.  1 root      root        31532 Jan 17 16:38 History_of_Redhat_Fedora_Server70.txt
-rw-r--r--.  1 root      root         3364 Jan 12 18:13 History_of_Redhat_Fedora_Server71.txt
-rw-r--r--.  1 root      root        31793 Jan 17 16:56 History_of_Redhat_Fedora_Server72.txt
-rw-r--r--.  1 root      root        32467 Jan 17 17:07 History_of_Redhat_Fedora_Server73.txt
-rwxrwxrwx.  1 root      root        32635 Jan 19 23:33 History_of_Redhat_Fedora_Server74.txt
-rwxrwxrwx.  1 root      root        32494 Jan 19 23:33 History_of_Redhat_Fedora_Server75.txt
-rwxrwxrwx.  1 root      root        32361 Jan 19 19:57 History_of_Redhat_Fedora_Server76.txt
-rwxrwxrwx.  1 root      root        32316 Jan 20 00:16 History_of_Redhat_Fedora_Server77.txt
-rwxrwxrwx.  1 root      root        32370 Jan 20 17:56 History_of_Redhat_Fedora_Server78.txt
-rwxrwxrwx.  1 root      root        32579 Jan 21 02:30 History_of_Redhat_Fedora_Server79.txt
-rwxrwxrwx.  1 root      root        32468 Jan 21 02:49 History_of_Redhat_Fedora_Server80.txt
-rw-rw-r--.  1 ctambunan ctambunan   67148 Jan 24 17:39 History_of_Redhat_Fedora_Server81.txt
-rw-rw-r--.  1 ctambunan ctambunan    2193 Jan 24 17:39 History_of_Redhat_Fedora_Server82.txt
-rw-rw-r--.  1 ctambunan ctambunan   71306 Jan 24 17:39 History_of_Redhat_Fedora_Server83.txt
-rw-rw-r--.  1 ctambunan ctambunan     585 Jan 24 17:39 History_of_Redhat_Fedora_Server84.txt
-rw-rw-r--.  1 ctambunan ctambunan     817 Jan 24 17:39 History_of_Redhat_Fedora_Server85.txt
-rw-rw-r--.  1 ctambunan ctambunan  315105 Jan 24 17:39 History_of_Redhat_Fedora_Server86.txt
-rw-rw-r--.  1 ctambunan ctambunan  130137 Jan 24 17:39 History_of_Redhat_Fedora_Server87.txt
-rw-rw-r--.  1 ctambunan ctambunan   41512 Jan 24 17:39 History_of_Redhat_Fedora_Server88.txt
-rw-rw-r--.  1 ctambunan ctambunan   94413 Jan 24 17:39 History_of_Redhat_Fedora_Server89.txt
-rw-rw-r--.  1 ctambunan ctambunan  114124 Jan 24 17:39 History_of_Redhat_Fedora_Server90.txt
-rwxrwxrwx.  1 root      root         7369 Jan 21 20:11 History_of_Redhat_Fedora_Server91.txt
-rwxrwxrwx+  1 root      root         4082 Jan 21 20:12 History_of_Redhat_Fedora_Server92.txt
-rwxrwxrwx.  1 root      root        63932 Jan 24 08:54 History_of_Redhat_Fedora_Server93.txt
-rwxrwxrwx.  1 root      root         8911 Jan 24 08:52 History_of_Redhat_Fedora_Server94.txt
-rwxrwxrwx.  1 root      root        19487 Jan 24 08:52 History_of_Redhat_Fedora_Server95.txt
-rw-r--r--.  1 root      root        33030 Jan 24 09:29 History_of_Redhat_Fedora_Server96.txt
-rw-r--r--.  1 root      root        33131 Jan 24 10:17 History_of_Redhat_Fedora_Server97.txt
-rw-r--r--.  1 root      root        32938 Jan 24 13:56 History_of_Redhat_Fedora_Server98.txt
-rw-r--r--.  1 root      root       205911 Jan 24 17:24 History_of_Redhat_Fedora_Server99.txt
drwxr-xr-x.  2 root      root          126 Jan 13 11:52 sean_gelael01
drwxr-xr-x.  2 root      root            6 Jan 10 15:36 sean_gelael02
drwxr-xr-x.  2 root      root            6 Jan 10 15:36 sean_gelael03
drwxr-xr-x.  2 root      root            6 Jan 10 15:43 sean_gelael04
drwxr-xr-x.  2 root      root            6 Jan 10 15:43 sean_gelael05
drwxr-xr-x.  2 root      root            6 Jan 10 15:43 sean_gelael06
drwxr-xr-x.  2 root      root            6 Jan 21 03:01 sean_gelael07
drwxr-xr-x.  2 root      root            6 Jan 21 03:01 sean_gelael08
drwxr-xr-x.  2 root      root            6 Jan 21 03:01 sean_gelael09
drwxr-xr-x.  2 root      root            6 Jan 21 03:01 sean_gelael10
-rw-r--r--.  1 root      root          111 Jan 10 12:38 SecondScript.sh
drwxr-xr-x.  2 root      root          108 Jan 14 16:13 tambunan
-rw-r--r--.  1 root      root          384 Jan 10 17:56 ThirdScript.sh
[root@fedora 13:25:37 /home/ctambunan/TambunanShellScripting]$ mv sean_gelael* ElasticDB{1..10}/
mv: target 'ElasticDB10/' is not a directory
[root@fedora 13:26:58 /home/ctambunan/TambunanShellScripting]$ ls -la
total 4824
drwxrwxrwx. 15 root      root         8192 Jan 24 17:39 .
drwx------. 14 ctambunan ctambunan    4096 Jan 13 16:05 ..
drwxr-xr-x.  2 root      root            6 Jan 10 15:16 1
-rw-r--r--.  1 root      root           41 Jan 10 11:08 andidori.sh
drwxr-xr-x.  2 root      root            6 Jan 10 15:16 echo
-rwxr-xr-x.  1 root      root          414 Jan 10 11:04 firstscript.sh
-rw-r--r--.  1 root      root           79 Jan 10 17:36 FiveScript.sh
-rw-r--r--.  1 root      root          121 Jan 10 16:45 FourthScript.sh
-rw-r--r--.  1 root      root            0 Jan 24 09:08 History_of_Redhat_Fedora_Server100.txt
-rw-r--r--.  1 root      root        14442 Jan 10 11:31 History_of_Redhat_Fedora_Server_41.txt
-rw-r--r--.  1 root      root        15355 Jan 10 11:43 History_of_Redhat_Fedora_Server_42.txt
-rw-r--r--.  1 root      root        16385 Jan 10 12:40 History_of_Redhat_Fedora_Server_43.txt
-rw-r--r--.  1 root      root        19270 Jan 10 17:37 History_of_Redhat_Fedora_Server_44.txt
-rw-r--r--.  1 root      root        32338 Jan 19 20:04 History_of_Redhat_Fedora_Server_45.txt
-rw-r--r--.  1 root      root        32379 Jan 19 20:04 History_of_Redhat_Fedora_Server_46.txt
-rw-r--r--.  1 root      root        32422 Jan 19 20:04 History_of_Redhat_Fedora_Server_47.txt
-rw-r--r--.  1 root      root        32458 Jan 19 20:04 History_of_Redhat_Fedora_Server_48.txt
-rw-r--r--.  1 root      root        32501 Jan 19 20:04 History_of_Redhat_Fedora_Server_49.txt
-rw-r--r--.  1 root      root        32546 Jan 19 20:04 History_of_Redhat_Fedora_Server_50.txt
-rw-r--r--.  1 root      root        20450 Jan 11 18:29 History_of_Redhat_Fedora_Server51.txt
-rw-r--r--.  1 root      root      2553981 Jan 12 09:34 History_of_Redhat_Fedora_Server52.txt
-rw-r--r--.  1 root      root        25250 Jan 12 10:56 History_of_Redhat_Fedora_Server53.txt
-rw-r--r--.  1 root      root          745 Jan 12 11:25 History_of_Redhat_Fedora_Server54.txt
-rw-r--r--.  1 root      root        26304 Jan 12 11:59 History_of_Redhat_Fedora_Server55.txt
-rw-r--r--.  1 root      root          491 Jan 12 18:35 History_of_Redhat_Fedora_Server56.txt
-rw-r--r--.  1 root      root          525 Jan 12 18:35 History_of_Redhat_Fedora_Server57.txt
-rw-r--r--.  1 root      root        28194 Jan 12 18:52 History_of_Redhat_Fedora_Server58.txt
-rw-r--r--.  1 root      root        29026 Jan 13 10:29 History_of_Redhat_Fedora_Server59.txt
-rw-r--r--.  1 root      root          823 Jan 13 11:37 History_of_Redhat_Fedora_Server60.txt
-rw-r--r--.  1 root      root        30594 Jan 13 11:47 History_of_Redhat_Fedora_Server61.txt
-rw-r--r--.  1 root      root        31069 Jan 13 12:46 History_of_Redhat_Fedora_Server62.txt
-rw-r--r--.  1 root      root        31533 Jan 14 10:26 History_of_Redhat_Fedora_Server63.txt
-rw-r--r--.  1 root      root        31146 Jan 14 16:23 History_of_Redhat_Fedora_Server64.txt
-rw-r--r--.  1 root      root        31622 Jan 14 18:15 History_of_Redhat_Fedora_Server65.txt
-rw-r--r--.  1 root      root        31441 Jan 17 13:15 History_of_Redhat_Fedora_Server66.txt
-rw-r--r--.  1 root      root        31459 Jan 17 16:04 History_of_Redhat_Fedora_Server67.txt
-rw-r--r--.  1 root      root        31586 Jan 17 16:26 History_of_Redhat_Fedora_Server68.txt
-rw-r--r--.  1 root      root        31468 Jan 17 16:31 History_of_Redhat_Fedora_Server69.txt
-rw-r--r--.  1 root      root        31532 Jan 17 16:38 History_of_Redhat_Fedora_Server70.txt
-rw-r--r--.  1 root      root         3364 Jan 12 18:13 History_of_Redhat_Fedora_Server71.txt
-rw-r--r--.  1 root      root        31793 Jan 17 16:56 History_of_Redhat_Fedora_Server72.txt
-rw-r--r--.  1 root      root        32467 Jan 17 17:07 History_of_Redhat_Fedora_Server73.txt
-rwxrwxrwx.  1 root      root        32635 Jan 19 23:33 History_of_Redhat_Fedora_Server74.txt
-rwxrwxrwx.  1 root      root        32494 Jan 19 23:33 History_of_Redhat_Fedora_Server75.txt
-rwxrwxrwx.  1 root      root        32361 Jan 19 19:57 History_of_Redhat_Fedora_Server76.txt
-rwxrwxrwx.  1 root      root        32316 Jan 20 00:16 History_of_Redhat_Fedora_Server77.txt
-rwxrwxrwx.  1 root      root        32370 Jan 20 17:56 History_of_Redhat_Fedora_Server78.txt
-rwxrwxrwx.  1 root      root        32579 Jan 21 02:30 History_of_Redhat_Fedora_Server79.txt
-rwxrwxrwx.  1 root      root        32468 Jan 21 02:49 History_of_Redhat_Fedora_Server80.txt
-rw-rw-r--.  1 ctambunan ctambunan   67148 Jan 24 17:39 History_of_Redhat_Fedora_Server81.txt
-rw-rw-r--.  1 ctambunan ctambunan    2193 Jan 24 17:39 History_of_Redhat_Fedora_Server82.txt
-rw-rw-r--.  1 ctambunan ctambunan   71306 Jan 24 17:39 History_of_Redhat_Fedora_Server83.txt
-rw-rw-r--.  1 ctambunan ctambunan     585 Jan 24 17:39 History_of_Redhat_Fedora_Server84.txt
-rw-rw-r--.  1 ctambunan ctambunan     817 Jan 24 17:39 History_of_Redhat_Fedora_Server85.txt
-rw-rw-r--.  1 ctambunan ctambunan  315105 Jan 24 17:39 History_of_Redhat_Fedora_Server86.txt
-rw-rw-r--.  1 ctambunan ctambunan  130137 Jan 24 17:39 History_of_Redhat_Fedora_Server87.txt
-rw-rw-r--.  1 ctambunan ctambunan   41512 Jan 24 17:39 History_of_Redhat_Fedora_Server88.txt
-rw-rw-r--.  1 ctambunan ctambunan   94413 Jan 24 17:39 History_of_Redhat_Fedora_Server89.txt
-rw-rw-r--.  1 ctambunan ctambunan  114124 Jan 24 17:39 History_of_Redhat_Fedora_Server90.txt
-rwxrwxrwx.  1 root      root         7369 Jan 21 20:11 History_of_Redhat_Fedora_Server91.txt
-rwxrwxrwx+  1 root      root         4082 Jan 21 20:12 History_of_Redhat_Fedora_Server92.txt
-rwxrwxrwx.  1 root      root        63932 Jan 24 08:54 History_of_Redhat_Fedora_Server93.txt
-rwxrwxrwx.  1 root      root         8911 Jan 24 08:52 History_of_Redhat_Fedora_Server94.txt
-rwxrwxrwx.  1 root      root        19487 Jan 24 08:52 History_of_Redhat_Fedora_Server95.txt
-rw-r--r--.  1 root      root        33030 Jan 24 09:29 History_of_Redhat_Fedora_Server96.txt
-rw-r--r--.  1 root      root        33131 Jan 24 10:17 History_of_Redhat_Fedora_Server97.txt
-rw-r--r--.  1 root      root        32938 Jan 24 13:56 History_of_Redhat_Fedora_Server98.txt
-rw-r--r--.  1 root      root       205911 Jan 24 17:24 History_of_Redhat_Fedora_Server99.txt
drwxr-xr-x.  2 root      root          126 Jan 13 11:52 sean_gelael01
drwxr-xr-x.  2 root      root            6 Jan 10 15:36 sean_gelael02
drwxr-xr-x.  2 root      root            6 Jan 10 15:36 sean_gelael03
drwxr-xr-x.  2 root      root            6 Jan 10 15:43 sean_gelael04
drwxr-xr-x.  2 root      root            6 Jan 10 15:43 sean_gelael05
drwxr-xr-x.  2 root      root            6 Jan 10 15:43 sean_gelael06
drwxr-xr-x.  2 root      root            6 Jan 21 03:01 sean_gelael07
drwxr-xr-x.  2 root      root            6 Jan 21 03:01 sean_gelael08
drwxr-xr-x.  2 root      root            6 Jan 21 03:01 sean_gelael09
drwxr-xr-x.  2 root      root            6 Jan 21 03:01 sean_gelael10
-rw-r--r--.  1 root      root          111 Jan 10 12:38 SecondScript.sh
drwxr-xr-x.  2 root      root          108 Jan 14 16:13 tambunan
-rw-r--r--.  1 root      root          384 Jan 10 17:56 ThirdScript.sh
[root@fedora 13:27:04 /home/ctambunan/TambunanShellScripting]$ mv sean_gelael01 ElasticSearch01
[root@fedora 13:27:26 /home/ctambunan/TambunanShellScripting]$ mv sean_gelael02 ElasticSearch02
[root@fedora 13:27:32 /home/ctambunan/TambunanShellScripting]$ mv sean_gelael03 ElasticSearch03
[root@fedora 13:27:36 /home/ctambunan/TambunanShellScripting]$ mv sean_gelael04 ElasticSearch04
[root@fedora 13:27:41 /home/ctambunan/TambunanShellScripting]$ mv sean_gelael05 ElasticSearch05
[root@fedora 13:27:46 /home/ctambunan/TambunanShellScripting]$ mv sean_gelael06 ElasticSearch06
[root@fedora 13:27:51 /home/ctambunan/TambunanShellScripting]$ mv sean_gelael07 ElasticSearch07
[root@fedora 13:27:57 /home/ctambunan/TambunanShellScripting]$ mv sean_gelael08 ElasticSearch08
[root@fedora 13:28:03 /home/ctambunan/TambunanShellScripting]$ mv sean_gelael09 ElasticSearch09
[root@fedora 13:28:10 /home/ctambunan/TambunanShellScripting]$ mv sean_gelael10 ElasticSearch10
[root@fedora 13:28:16 /home/ctambunan/TambunanShellScripting]$ ls -la
total 4824
drwxrwxrwx. 15 root      root         8192 Jan 26 13:28 .
drwx------. 14 ctambunan ctambunan    4096 Jan 13 16:05 ..
drwxr-xr-x.  2 root      root            6 Jan 10 15:16 1
-rw-r--r--.  1 root      root           41 Jan 10 11:08 andidori.sh
drwxr-xr-x.  2 root      root            6 Jan 10 15:16 echo
drwxr-xr-x.  2 root      root          126 Jan 13 11:52 ElasticSearch01
drwxr-xr-x.  2 root      root            6 Jan 10 15:36 ElasticSearch02
drwxr-xr-x.  2 root      root            6 Jan 10 15:36 ElasticSearch03
drwxr-xr-x.  2 root      root            6 Jan 10 15:43 ElasticSearch04
drwxr-xr-x.  2 root      root            6 Jan 10 15:43 ElasticSearch05
drwxr-xr-x.  2 root      root            6 Jan 10 15:43 ElasticSearch06
drwxr-xr-x.  2 root      root            6 Jan 21 03:01 ElasticSearch07
drwxr-xr-x.  2 root      root            6 Jan 21 03:01 ElasticSearch08
drwxr-xr-x.  2 root      root            6 Jan 21 03:01 ElasticSearch09
drwxr-xr-x.  2 root      root            6 Jan 21 03:01 ElasticSearch10
-rwxr-xr-x.  1 root      root          414 Jan 10 11:04 firstscript.sh
-rw-r--r--.  1 root      root           79 Jan 10 17:36 FiveScript.sh
-rw-r--r--.  1 root      root          121 Jan 10 16:45 FourthScript.sh
-rw-r--r--.  1 root      root            0 Jan 24 09:08 History_of_Redhat_Fedora_Server100.txt
-rw-r--r--.  1 root      root        14442 Jan 10 11:31 History_of_Redhat_Fedora_Server_41.txt
-rw-r--r--.  1 root      root        15355 Jan 10 11:43 History_of_Redhat_Fedora_Server_42.txt
-rw-r--r--.  1 root      root        16385 Jan 10 12:40 History_of_Redhat_Fedora_Server_43.txt
-rw-r--r--.  1 root      root        19270 Jan 10 17:37 History_of_Redhat_Fedora_Server_44.txt
-rw-r--r--.  1 root      root        32338 Jan 19 20:04 History_of_Redhat_Fedora_Server_45.txt
-rw-r--r--.  1 root      root        32379 Jan 19 20:04 History_of_Redhat_Fedora_Server_46.txt
-rw-r--r--.  1 root      root        32422 Jan 19 20:04 History_of_Redhat_Fedora_Server_47.txt
-rw-r--r--.  1 root      root        32458 Jan 19 20:04 History_of_Redhat_Fedora_Server_48.txt
-rw-r--r--.  1 root      root        32501 Jan 19 20:04 History_of_Redhat_Fedora_Server_49.txt
-rw-r--r--.  1 root      root        32546 Jan 19 20:04 History_of_Redhat_Fedora_Server_50.txt
-rw-r--r--.  1 root      root        20450 Jan 11 18:29 History_of_Redhat_Fedora_Server51.txt
-rw-r--r--.  1 root      root      2553981 Jan 12 09:34 History_of_Redhat_Fedora_Server52.txt
-rw-r--r--.  1 root      root        25250 Jan 12 10:56 History_of_Redhat_Fedora_Server53.txt
-rw-r--r--.  1 root      root          745 Jan 12 11:25 History_of_Redhat_Fedora_Server54.txt
-rw-r--r--.  1 root      root        26304 Jan 12 11:59 History_of_Redhat_Fedora_Server55.txt
-rw-r--r--.  1 root      root          491 Jan 12 18:35 History_of_Redhat_Fedora_Server56.txt
-rw-r--r--.  1 root      root          525 Jan 12 18:35 History_of_Redhat_Fedora_Server57.txt
-rw-r--r--.  1 root      root        28194 Jan 12 18:52 History_of_Redhat_Fedora_Server58.txt
-rw-r--r--.  1 root      root        29026 Jan 13 10:29 History_of_Redhat_Fedora_Server59.txt
-rw-r--r--.  1 root      root          823 Jan 13 11:37 History_of_Redhat_Fedora_Server60.txt
-rw-r--r--.  1 root      root        30594 Jan 13 11:47 History_of_Redhat_Fedora_Server61.txt
-rw-r--r--.  1 root      root        31069 Jan 13 12:46 History_of_Redhat_Fedora_Server62.txt
-rw-r--r--.  1 root      root        31533 Jan 14 10:26 History_of_Redhat_Fedora_Server63.txt
-rw-r--r--.  1 root      root        31146 Jan 14 16:23 History_of_Redhat_Fedora_Server64.txt
-rw-r--r--.  1 root      root        31622 Jan 14 18:15 History_of_Redhat_Fedora_Server65.txt
-rw-r--r--.  1 root      root        31441 Jan 17 13:15 History_of_Redhat_Fedora_Server66.txt
-rw-r--r--.  1 root      root        31459 Jan 17 16:04 History_of_Redhat_Fedora_Server67.txt
-rw-r--r--.  1 root      root        31586 Jan 17 16:26 History_of_Redhat_Fedora_Server68.txt
-rw-r--r--.  1 root      root        31468 Jan 17 16:31 History_of_Redhat_Fedora_Server69.txt
-rw-r--r--.  1 root      root        31532 Jan 17 16:38 History_of_Redhat_Fedora_Server70.txt
-rw-r--r--.  1 root      root         3364 Jan 12 18:13 History_of_Redhat_Fedora_Server71.txt
-rw-r--r--.  1 root      root        31793 Jan 17 16:56 History_of_Redhat_Fedora_Server72.txt
-rw-r--r--.  1 root      root        32467 Jan 17 17:07 History_of_Redhat_Fedora_Server73.txt
-rwxrwxrwx.  1 root      root        32635 Jan 19 23:33 History_of_Redhat_Fedora_Server74.txt
-rwxrwxrwx.  1 root      root        32494 Jan 19 23:33 History_of_Redhat_Fedora_Server75.txt
-rwxrwxrwx.  1 root      root        32361 Jan 19 19:57 History_of_Redhat_Fedora_Server76.txt
-rwxrwxrwx.  1 root      root        32316 Jan 20 00:16 History_of_Redhat_Fedora_Server77.txt
-rwxrwxrwx.  1 root      root        32370 Jan 20 17:56 History_of_Redhat_Fedora_Server78.txt
-rwxrwxrwx.  1 root      root        32579 Jan 21 02:30 History_of_Redhat_Fedora_Server79.txt
-rwxrwxrwx.  1 root      root        32468 Jan 21 02:49 History_of_Redhat_Fedora_Server80.txt
-rw-rw-r--.  1 ctambunan ctambunan   67148 Jan 24 17:39 History_of_Redhat_Fedora_Server81.txt
-rw-rw-r--.  1 ctambunan ctambunan    2193 Jan 24 17:39 History_of_Redhat_Fedora_Server82.txt
-rw-rw-r--.  1 ctambunan ctambunan   71306 Jan 24 17:39 History_of_Redhat_Fedora_Server83.txt

-rw-rw-r--.  1 ctambunan ctambunan     585 Jan 24 17:39 History_of_Redhat_Fedora_Server84.txt
-rw-rw-r--.  1 ctambunan ctambunan     817 Jan 24 17:39 History_of_Redhat_Fedora_Server85.txt
-rw-rw-r--.  1 ctambunan ctambunan  315105 Jan 24 17:39 History_of_Redhat_Fedora_Server86.txt
-rw-rw-r--.  1 ctambunan ctambunan  130137 Jan 24 17:39 History_of_Redhat_Fedora_Server87.txt


-rw-rw-r--.  1 ctambunan ctambunan   41512 Jan 24 17:39 History_of_Redhat_Fedora_Server88.txt
-rw-rw-r--.  1 ctambunan ctambunan   94413 Jan 24 17:39 History_of_Redhat_Fedora_Server89.txt
-rw-rw-r--.  1 ctambunan ctambunan  114124 Jan 24 17:39 History_of_Redhat_Fedora_Server90.txt
-rwxrwxrwx.  1 root      root         7369 Jan 21 20:11 History_of_Redhat_Fedora_Server91.txt
-rwxrwxrwx+  1 root      root         4082 Jan 21 20:12 History_of_Redhat_Fedora_Server92.txt
-rwxrwxrwx.  1 root      root        63932 Jan 24 08:54 History_of_Redhat_Fedora_Server93.txt
-rwxrwxrwx.  1 root      root         8911 Jan 24 08:52 History_of_Redhat_Fedora_Server94.txt
-rwxrwxrwx.  1 root      root        19487 Jan 24 08:52 History_of_Redhat_Fedora_Server95.txt
-rw-r--r--.  1 root      root        33030 Jan 24 09:29 History_of_Redhat_Fedora_Server96.txt
-rw-r--r--.  1 root      root        33131 Jan 24 10:17 History_of_Redhat_Fedora_Server97.txt
-rw-r--r--.  1 root      root        32938 Jan 24 13:56 History_of_Redhat_Fedora_Server98.txt
-rw-r--r--.  1 root      root       205911 Jan 24 17:24 History_of_Redhat_Fedora_Server99.txt
-rw-r--r--.  1 root      root          111 Jan 10 12:38 SecondScript.sh
drwxr-xr-x.  2 root      root          108 Jan 14 16:13 tambunan
-rw-r--r--.  1 root      root          384 Jan 10 17:56 ThirdScript.sh
[root@fedora 13:28:22 /home/ctambunan/TambunanShellScripting]$ cd ElasticSearch01/
[root@fedora 13:28:43 /home/ctambunan/TambunanShellScripting/ElasticSearch01]$ touch History >> IntroductionElasticSearchDB01.txt
[root@fedora 13:29:12 /home/ctambunan/TambunanShellScripting/ElasticSearch01]$ nano IntroductionElasticSearchDB01.txt
[root@fedora 13:29:23 /home/ctambunan/TambunanShellScripting/ElasticSearch01]$ history >> IntroductionElasticSearchDB01.txt
[root@fedora 13:29:30 /home/ctambunan/TambunanShellScripting/ElasticSearch01]$ nano IntroductionElasticSearchDB01.txt




[root@fedora 13:30:40 /home/ctambunan/TambunanShellScripting/ElasticSearch01]$ [root@fedora 13:30:40 /home/ctambunan/TambunanShellScripting/ElasticSearch01]$ dnf search openjdk                                                           dnf search openjdk
Last metadata expiration check: 1:18:04 ago on Wed 26 Jan 2022 12:18:13 PM WIB.
============================================================= Name & Summary Matched: openjdk ==============================================================java-1.8.0-openjdk.x86_64 : OpenJDK 8 Runtime Environment
java-1.8.0-openjdk-demo.x86_64 : OpenJDK 8 Demos
java-1.8.0-openjdk-demo-fastdebug.x86_64 : OpenJDK 8 Demos optimised with full debugging on
java-1.8.0-openjdk-demo-slowdebug.x86_64 : OpenJDK 8 Demos unoptimised with full debugging on
java-1.8.0-openjdk-devel.x86_64 : OpenJDK 8 Development Environment
java-1.8.0-openjdk-devel-fastdebug.x86_64 : OpenJDK 8 Development Environment optimised with full debugging on
java-1.8.0-openjdk-devel-slowdebug.x86_64 : OpenJDK 8 Development Environment unoptimised with full debugging on
java-1.8.0-openjdk-fastdebug.x86_64 : OpenJDK 8 Runtime Environment optimised with full debugging on
java-1.8.0-openjdk-headless.x86_64 : OpenJDK 8 Headless Runtime Environment
java-1.8.0-openjdk-headless-fastdebug.x86_64 : OpenJDK 8 Runtime Environment optimised with full debugging on
java-1.8.0-openjdk-headless-slowdebug.x86_64 : OpenJDK 8 Runtime Environment unoptimised with full debugging on
java-1.8.0-openjdk-javadoc.noarch : OpenJDK 8 API documentation
java-1.8.0-openjdk-javadoc-zip.noarch : OpenJDK 8 API documentation compressed in a single archive
java-1.8.0-openjdk-openjfx.x86_64 : OpenJDK x OpenJFX connector. This package adds symliks finishing Java FX integration to java-1.8.0-openjdk
java-1.8.0-openjdk-openjfx-devel.i686 : OpenJDK x OpenJFX connector for FX developers. This package adds symliks finishing Java FX integration to
                                      : java-1.8.0-openjdk-devel
java-1.8.0-openjdk-openjfx-devel.x86_64 : OpenJDK x OpenJFX connector for FX developers. This package adds symliks finishing Java FX integration to
                                        : java-1.8.0-openjdk-devel
java-1.8.0-openjdk-openjfx-devel-fastdebug.x86_64 : OpenJDK x OpenJFX connector for FX developers for packages with debugging on and optimisation. This
                                                  : package adds symliks finishing Java FX integration to java-1.8.0-openjdk-devel-slowdebug
java-1.8.0-openjdk-openjfx-devel-slowdebug.x86_64 : OpenJDK x OpenJFX connector for FX developers for packages with debugging on and no optimisation. This
                                                  : package adds symliks finishing Java FX integration to java-1.8.0-openjdk-devel-slowdebug
java-1.8.0-openjdk-openjfx-fastdebug.x86_64 : OpenJDK x OpenJFX connector for packages with debugging on and optimisation. his package adds symliks
                                            : finishing Java FX integration to java-1.8.0-openjdk-fastdebug
java-1.8.0-openjdk-openjfx-slowdebug.x86_64 : OpenJDK x OpenJFX connector for packages with debugging on and no optimisation. his package adds symliks
                                            : finishing Java FX integration to java-1.8.0-openjdk-slowdebug
java-1.8.0-openjdk-slowdebug.x86_64 : OpenJDK 8 Runtime Environment unoptimised with full debugging on
java-1.8.0-openjdk-src.x86_64 : OpenJDK 8 Source Bundle
java-1.8.0-openjdk-src-fastdebug.x86_64 : OpenJDK 8 Source Bundle for packages with debugging on and optimisation
java-1.8.0-openjdk-src-slowdebug.x86_64 : OpenJDK 8 Source Bundle for packages with debugging on and no optimisation
java-11-openjdk.i686 : OpenJDK 11 Runtime Environment
java-11-openjdk.x86_64 : OpenJDK 11 Runtime Environment
java-11-openjdk-demo.x86_64 : OpenJDK 11 Demos
java-11-openjdk-demo-fastdebug.x86_64 : OpenJDK 11 Demos optimised with full debugging on
java-11-openjdk-demo-slowdebug.x86_64 : OpenJDK 11 Demos unoptimised with full debugging on
java-11-openjdk-devel.i686 : OpenJDK 11 Development Environment
java-11-openjdk-devel.x86_64 : OpenJDK 11 Development Environment
java-11-openjdk-devel-fastdebug.x86_64 : OpenJDK 11 Development Environment optimised with full debugging on
java-11-openjdk-devel-slowdebug.x86_64 : OpenJDK 11 Development Environment unoptimised with full debugging on
java-11-openjdk-fastdebug.x86_64 : OpenJDK 11 Runtime Environment optimised with full debugging on
java-11-openjdk-headless.i686 : OpenJDK 11 Headless Runtime Environment
java-11-openjdk-headless.x86_64 : OpenJDK 11 Headless Runtime Environment
java-11-openjdk-headless-fastdebug.x86_64 : OpenJDK 11 Runtime Environment optimised with full debugging on
java-11-openjdk-headless-slowdebug.i686 : OpenJDK 11 Runtime Environment unoptimised with full debugging on
java-11-openjdk-headless-slowdebug.x86_64 : OpenJDK 11 Runtime Environment unoptimised with full debugging on
java-11-openjdk-javadoc.x86_64 : OpenJDK 11 API documentation
java-11-openjdk-javadoc-zip.x86_64 : OpenJDK 11 API documentation compressed in a single archive
java-11-openjdk-jmods.x86_64 : JMods for OpenJDK 11
java-11-openjdk-jmods-fastdebug.x86_64 : JMods for OpenJDK 11 optimised with full debugging on
java-11-openjdk-jmods-slowdebug.x86_64 : JMods for OpenJDK 11 unoptimised with full debugging on
java-11-openjdk-slowdebug.x86_64 : OpenJDK 11 Runtime Environment unoptimised with full debugging on
java-11-openjdk-src.x86_64 : OpenJDK 11 Source Bundle
java-11-openjdk-src-fastdebug.x86_64 : OpenJDK 11 Source Bundle for packages with debugging on and optimisation
java-11-openjdk-src-slowdebug.x86_64 : OpenJDK 11 Source Bundle for packages with debugging on and no optimisation
java-11-openjdk-static-libs.x86_64 : OpenJDK 11 libraries for static linking
java-11-openjdk-static-libs-fastdebug.x86_64 : OpenJDK 11 libraries for static linking optimised with full debugging on
java-11-openjdk-static-libs-slowdebug.x86_64 : OpenJDK 11 libraries for static linking unoptimised with full debugging on
java-17-openjdk.i686 : OpenJDK 17 Runtime Environment
java-17-openjdk.x86_64 : OpenJDK 17 Runtime Environment
java-17-openjdk-demo.x86_64 : OpenJDK 17 Demos
java-17-openjdk-demo-fastdebug.x86_64 : OpenJDK 17 Demos optimised with full debugging on
java-17-openjdk-demo-slowdebug.x86_64 : OpenJDK 17 Demos unoptimised with full debugging on
java-17-openjdk-devel.i686 : OpenJDK 17 Development Environment
java-17-openjdk-devel.x86_64 : OpenJDK 17 Development Environment
java-17-openjdk-devel-fastdebug.x86_64 : OpenJDK 17 Development Environment optimised with full debugging on
java-17-openjdk-devel-slowdebug.x86_64 : OpenJDK 17 Development Environment unoptimised with full debugging on
java-17-openjdk-fastdebug.x86_64 : OpenJDK 17 Runtime Environment optimised with full debugging on
java-17-openjdk-headless.i686 : OpenJDK 17 Headless Runtime Environment
java-17-openjdk-headless.x86_64 : OpenJDK 17 Headless Runtime Environment
java-17-openjdk-headless-fastdebug.x86_64 : OpenJDK 17 Runtime Environment optimised with full debugging on
java-17-openjdk-headless-slowdebug.x86_64 : OpenJDK 17 Runtime Environment unoptimised with full debugging on
java-17-openjdk-javadoc.x86_64 : OpenJDK 17 API documentation
java-17-openjdk-javadoc-zip.x86_64 : OpenJDK 17 API documentation compressed in a single archive
java-17-openjdk-jmods.x86_64 : JMods for OpenJDK 17
java-17-openjdk-jmods-fastdebug.x86_64 : JMods for OpenJDK 17 optimised with full debugging on
java-17-openjdk-jmods-slowdebug.x86_64 : JMods for OpenJDK 17 unoptimised with full debugging on
java-17-openjdk-slowdebug.x86_64 : OpenJDK 17 Runtime Environment unoptimised with full debugging on
java-17-openjdk-src.x86_64 : OpenJDK 17 Source Bundle
java-17-openjdk-src-fastdebug.x86_64 : OpenJDK 17 Source Bundle for packages with debugging on and optimisation
java-17-openjdk-src-slowdebug.x86_64 : OpenJDK 17 Source Bundle for packages with debugging on and no optimisation
java-17-openjdk-static-libs.x86_64 : OpenJDK 17 libraries for static linking
java-17-openjdk-static-libs-fastdebug.x86_64 : OpenJDK 17 libraries for static linking optimised with full debugging on
java-17-openjdk-static-libs-slowdebug.x86_64 : OpenJDK 17 libraries for static linking unoptimised with full debugging on
java-latest-openjdk.i686 : OpenJDK 17 Runtime Environment
java-latest-openjdk.x86_64 : OpenJDK 17 Runtime Environment
java-latest-openjdk-demo.x86_64 : OpenJDK 17 Demos
java-latest-openjdk-demo-fastdebug.x86_64 : OpenJDK 17 Demos optimised with full debugging on
java-latest-openjdk-demo-slowdebug.x86_64 : OpenJDK 17 Demos unoptimised with full debugging on
java-latest-openjdk-devel.i686 : OpenJDK 17 Development Environment
java-latest-openjdk-devel.x86_64 : OpenJDK 17 Development Environment
java-latest-openjdk-devel-fastdebug.x86_64 : OpenJDK 17 Development Environment optimised with full debugging on
java-latest-openjdk-devel-slowdebug.x86_64 : OpenJDK 17 Development Environment unoptimised with full debugging on
java-latest-openjdk-fastdebug.x86_64 : OpenJDK 17 Runtime Environment optimised with full debugging on
java-latest-openjdk-headless.i686 : OpenJDK 17 Headless Runtime Environment
java-latest-openjdk-headless.x86_64 : OpenJDK 17 Headless Runtime Environment
java-latest-openjdk-headless-fastdebug.x86_64 : OpenJDK 17 Runtime Environment optimised with full debugging on
java-latest-openjdk-headless-slowdebug.x86_64 : OpenJDK 17 Runtime Environment unoptimised with full debugging on
java-latest-openjdk-javadoc.x86_64 : OpenJDK 17 API documentation
java-latest-openjdk-javadoc-zip.x86_64 : OpenJDK 17 API documentation compressed in a single archive
java-latest-openjdk-jmods.x86_64 : JMods for OpenJDK 17
java-latest-openjdk-jmods-fastdebug.x86_64 : JMods for OpenJDK 17 optimised with full debugging on
java-latest-openjdk-jmods-slowdebug.x86_64 : JMods for OpenJDK 17 unoptimised with full debugging on
java-latest-openjdk-slowdebug.x86_64 : OpenJDK 17 Runtime Environment unoptimised with full debugging on
java-latest-openjdk-src.x86_64 : OpenJDK 17 Source Bundle
java-latest-openjdk-src-fastdebug.x86_64 : OpenJDK 17 Source Bundle for packages with debugging on and optimisation
java-latest-openjdk-src-slowdebug.x86_64 : OpenJDK 17 Source Bundle for packages with debugging on and no optimisation
java-latest-openjdk-static-libs.x86_64 : OpenJDK 17 libraries for static linking
java-latest-openjdk-static-libs-fastdebug.x86_64 : OpenJDK 17 libraries for static linking optimised with full debugging on
java-latest-openjdk-static-libs-slowdebug.x86_64 : OpenJDK 17 libraries for static linking unoptimised with full debugging on
maven-local-openjdk8.noarch : OpenJDK 8 toolchain for XMvn
maven-openjdk11.noarch : OpenJDK 11 binding for Maven
maven-openjdk17.noarch : OpenJDK 17 binding for Maven
maven-openjdk8.noarch : OpenJDK 8 binding for Maven
openjdk-asmtools-javadoc.noarch : Javadoc for openjdk-asmtools
================================================================== Name Matched: openjdk ===================================================================openjdk-asmtools.noarch : To develop tools create proper & improper Java '.class' files
================================================================= Summary Matched: openjdk =================================================================icedtea-web.x86_64 : Additional Java components for OpenJDK - Java Web Start implementation
[root@fedora 13:36:18 /home/ctambunan/TambunanShellScripting/ElasticSearch01]$ sudo dnf install java-latest-openjdk.x86_64
Last metadata expiration check: 1:18:47 ago on Wed 26 Jan 2022 12:18:13 PM WIB.
Dependencies resolved.
============================================================================================================================================================ Package                                        Architecture             Version                                            Repository                 Size
============================================================================================================================================================Installing:
 java-latest-openjdk                            x86_64                   1:17.0.1.0.12-13.rolling.fc35                      updates                   230 k
Installing dependencies:
 copy-jdk-configs                               noarch                   4.0-2.fc35                                         fedora                     27 k
 java-latest-openjdk-headless                   x86_64                   1:17.0.1.0.12-13.rolling.fc35                      updates                    40 M
 javapackages-filesystem                        noarch                   6.0.0-1.fc35                                       fedora                     12 k
 libfontenc                                     x86_64                   1.1.3-16.fc35                                      fedora                     30 k
 lksctp-tools                                   x86_64                   1.0.18-11.fc35                                     fedora                     91 k
 lua                                            x86_64                   5.4.3-2.fc35                                       fedora                    188 k
 lua-posix                                      x86_64                   35.0-4.fc35                                        fedora                    128 k
 mkfontscale                                    x86_64                   1.2.1-3.fc35                                       fedora                     31 k
 ttmkfdir                                       x86_64                   3.0.9-64.fc35                                      fedora                     52 k
 tzdata-java                                    noarch                   2021e-1.fc35                                       updates                   155 k
 xorg-x11-fonts-Type1                           noarch                   7.5-32.fc35                                        fedora                    500 k

Transaction Summary
============================================================================================================================================================Install  12 Packages

Total download size: 41 M
Installed size: 191 M
Is this ok [y/N]: y
Downloading Packages:
(1/12): javapackages-filesystem-6.0.0-1.fc35.noarch.rpm                                                                      84 kB/s |  12 kB     00:00
(2/12): copy-jdk-configs-4.0-2.fc35.noarch.rpm                                                                              158 kB/s |  27 kB     00:00
(3/12): libfontenc-1.1.3-16.fc35.x86_64.rpm                                                                                 167 kB/s |  30 kB     00:00
(4/12): lksctp-tools-1.0.18-11.fc35.x86_64.rpm                                                                              1.0 MB/s |  91 kB     00:00
(5/12): mkfontscale-1.2.1-3.fc35.x86_64.rpm                                                                                 648 kB/s |  31 kB     00:00
(6/12): lua-5.4.3-2.fc35.x86_64.rpm                                                                                         1.2 MB/s | 188 kB     00:00
(7/12): lua-posix-35.0-4.fc35.x86_64.rpm                                                                                    528 kB/s | 128 kB     00:00
(8/12): ttmkfdir-3.0.9-64.fc35.x86_64.rpm                                                                                   138 kB/s |  52 kB     00:00
(9/12): java-latest-openjdk-17.0.1.0.12-13.rolling.fc35.x86_64.rpm                                                          139 kB/s | 230 kB     00:01
(10/12): tzdata-java-2021e-1.fc35.noarch.rpm                                                                                259 kB/s | 155 kB     00:00
(11/12): xorg-x11-fonts-Type1-7.5-32.fc35.noarch.rpm                                                                        174 kB/s | 500 kB     00:02
(12/12): java-latest-openjdk-headless-17.0.1.0.12-13.rolling.fc35.x86_64.rpm                                                304 kB/s |  40 MB     02:13
------------------------------------------------------------------------------------------------------------------------------------------------------------Total                                                                                                                       311 kB/s |  41 MB     02:15
Running transaction check
Transaction check succeeded.
Running transaction test
Transaction test succeeded.
Running transaction
  Running scriptlet: copy-jdk-configs-4.0-2.fc35.noarch                                                                                                 1/1
  Running scriptlet: java-latest-openjdk-headless-1:17.0.1.0.12-13.rolling.fc35.x86_64                                                                  1/1
  Preparing        :                                                                                                                                    1/1
  Installing       : tzdata-java-2021e-1.fc35.noarch                                                                                                   1/12
  Installing       : ttmkfdir-3.0.9-64.fc35.x86_64                                                                                                     2/12
  Installing       : lua-posix-35.0-4.fc35.x86_64                                                                                                      3/12
  Installing       : lua-5.4.3-2.fc35.x86_64                                                                                                           4/12
  Installing       : copy-jdk-configs-4.0-2.fc35.noarch                                                                                                5/12
  Installing       : lksctp-tools-1.0.18-11.fc35.x86_64                                                                                                6/12
  Installing       : libfontenc-1.1.3-16.fc35.x86_64                                                                                                   7/12
  Installing       : mkfontscale-1.2.1-3.fc35.x86_64                                                                                                   8/12
  Installing       : xorg-x11-fonts-Type1-7.5-32.fc35.noarch                                                                                           9/12
  Running scriptlet: xorg-x11-fonts-Type1-7.5-32.fc35.noarch                                                                                           9/12
  Installing       : javapackages-filesystem-6.0.0-1.fc35.noarch                                                                                      10/12
  Installing       : java-latest-openjdk-headless-1:17.0.1.0.12-13.rolling.fc35.x86_64                                                                11/12
  Running scriptlet: java-latest-openjdk-headless-1:17.0.1.0.12-13.rolling.fc35.x86_64                                                                11/12
  Installing       : java-latest-openjdk-1:17.0.1.0.12-13.rolling.fc35.x86_64                                                                         12/12
  Running scriptlet: java-latest-openjdk-1:17.0.1.0.12-13.rolling.fc35.x86_64                                                                         12/12
  Running scriptlet: copy-jdk-configs-4.0-2.fc35.noarch                                                                                               12/12
  Running scriptlet: java-latest-openjdk-headless-1:17.0.1.0.12-13.rolling.fc35.x86_64                                                                12/12
  Running scriptlet: java-latest-openjdk-1:17.0.1.0.12-13.rolling.fc35.x86_64                                                                         12/12
  Verifying        : copy-jdk-configs-4.0-2.fc35.noarch                                                                                                1/12
  Verifying        : javapackages-filesystem-6.0.0-1.fc35.noarch                                                                                       2/12
  Verifying        : libfontenc-1.1.3-16.fc35.x86_64                                                                                                   3/12
  Verifying        : lksctp-tools-1.0.18-11.fc35.x86_64                                                                                                4/12
  Verifying        : lua-5.4.3-2.fc35.x86_64                                                                                                           5/12
  Verifying        : lua-posix-35.0-4.fc35.x86_64                                                                                                      6/12
  Verifying        : mkfontscale-1.2.1-3.fc35.x86_64                                                                                                   7/12
  Verifying        : ttmkfdir-3.0.9-64.fc35.x86_64                                                                                                     8/12
  Verifying        : xorg-x11-fonts-Type1-7.5-32.fc35.noarch                                                                                           9/12
  Verifying        : java-latest-openjdk-1:17.0.1.0.12-13.rolling.fc35.x86_64                                                                         10/12
  Verifying        : java-latest-openjdk-headless-1:17.0.1.0.12-13.rolling.fc35.x86_64                                                                11/12
  Verifying        : tzdata-java-2021e-1.fc35.noarch                                                                                                  12/12

Installed:
  copy-jdk-configs-4.0-2.fc35.noarch                                                java-latest-openjdk-1:17.0.1.0.12-13.rolling.fc35.x86_64
  java-latest-openjdk-headless-1:17.0.1.0.12-13.rolling.fc35.x86_64                 javapackages-filesystem-6.0.0-1.fc35.noarch
  libfontenc-1.1.3-16.fc35.x86_64                                                   lksctp-tools-1.0.18-11.fc35.x86_64
  lua-5.4.3-2.fc35.x86_64                                                           lua-posix-35.0-4.fc35.x86_64
  mkfontscale-1.2.1-3.fc35.x86_64                                                   ttmkfdir-3.0.9-64.fc35.x86_64
  tzdata-java-2021e-1.fc35.noarch                                                   xorg-x11-fonts-Type1-7.5-32.fc35.noarch

Complete!
[root@fedora 13:39:25 /home/ctambunan/TambunanShellScripting/ElasticSearch01]$ java --version
openjdk 17.0.1 2021-10-19
OpenJDK Runtime Environment 21.9 (build 17.0.1+12)
OpenJDK 64-Bit Server VM 21.9 (build 17.0.1+12, mixed mode, sharing)
[root@fedora 13:42:24 /home/ctambunan/TambunanShellScripting/ElasticSearch01]$ sudo alternatives --config java

There is 1 program that provides 'java'.

  Selection    Command
-----------------------------------------------
*+ 1           java-latest-openjdk.x86_64 (/usr/lib/jvm/java-17-openjdk-17.0.1.0.12-13.rolling.fc35.x86_64/bin/java)

Enter to keep the current selection[+], or type selection number: 1
[root@fedora 13:42:49 /home/ctambunan/TambunanShellScripting/ElasticSearch01]$ java --version
openjdk 17.0.1 2021-10-19
OpenJDK Runtime Environment 21.9 (build 17.0.1+12)
OpenJDK 64-Bit Server VM 21.9 (build 17.0.1+12, mixed mode, sharing)
[root@fedora 13:42:51 /home/ctambunan/TambunanShellScripting/ElasticSearch01]$ elastic --version
bash: elastic: command not found
[root@fedora 13:43:05 /home/ctambunan/TambunanShellScripting/ElasticSearch01]$ elasticsearch --version
bash: elasticsearch: command not found
[root@fedora 13:43:25 /home/ctambunan/TambunanShellScripting/ElasticSearch01]$ ps -p 1
    PID TTY          TIME CMD
      1 ?        00:00:02 systemd
[root@fedora 13:44:07 /home/ctambunan/TambunanShellScripting/ElasticSearch01]$ sudo chkconfig --add elasticsearch
[root@fedora 13:44:13 /home/ctambunan/TambunanShellScripting/ElasticSearch01]$ sudo -i service elasticsearch start
Starting elasticsearch (via systemctl):  systemctl daemon-reload
                                                           [  OK  ]
[root@fedora 13:45:03 /home/ctambunan/TambunanShellScripting/ElasticSearch01]$ systemctl daemon-reload
[root@fedora 13:45:05 /home/ctambunan/TambunanShellScripting/ElasticSearch01]$ sudo -i service elasticsearch stop
Stopping elasticsearch (via systemctl):  syste             [  OK  ]
[root@fedora 13:45:15 /home/ctambunan/TambunanShellScripting/ElasticSearch01]$ sudo /bin/systemctl dae[root@fedora 13:45:15 /home/ctambunan/TambunanShellScripting/ElasticSearch01]$ sudo /bin/systemctl daemon-reload
client_loop: send disconnect: Connection reset
PS D:\> ssh ctambunan@192.168.231.130
ctambunan@192.168.231.130's password:
Activate the web console with: systemctl enable --now cockpit.socket

Last login: Wed Jan 26 13:14:47 2022 from 192.168.231.1
[ctambunan@fedora ~]$ sudo su
[sudo] password for ctambunan:
Sorry, try again.
[sudo] password for ctambunan:
[root@fedora 14:16:31 /home/ctambunan]$ ls -la
total 136
drwx------. 14 ctambunan ctambunan  4096 Jan 13 16:05 .
drwxr-xr-x. 10 root      root        146 Jan 19 23:15 ..
-rw-------.  1 ctambunan ctambunan  1252 Jan 21 20:31 .bash_history
-rw-r--r--.  1 ctambunan ctambunan    18 Jul 22  2021 .bash_logout
-rw-r--r--.  1 ctambunan ctambunan   141 Jul 22  2021 .bash_profile
-rw-r--r--.  1 ctambunan ctambunan   492 Jul 22  2021 .bashrc
-rw-r--r--.  1 root      root       1083 Jan  7 13:09 charles.h
drwxr-xr-x.  2 root      root         25 Jan  4 09:42 charles_tambunan
-rw-r--r--.  1 root      root        583 Jan  7 13:11 charles.tar
-rw-r--r--.  1 root      root        583 Jan  7 13:10 charles.tar.gz
-rw-r--r--.  1 root      root         20 Jan 13 16:05 cookies.txt
drwxr-xr-x.  2 root      root         64 Jan  4 12:04 dongan
-rw-r--r--.  1 ctambunan ctambunan 19966 Jan  7 17:02 history
-rw-r--r--.  1 root      root          0 Jan  5 06:55 konyolmsg
-rw-------.  1 ctambunan ctambunan    20 Jan  7 16:57 .lesshst
-rw-r--r--.  1 root      root          0 Jan 13 11:38 man
-rw-r--r--.  1 root      root          0 Jan 12 17:34 my_first_cron_job.txt
-rw-r--r--.  1 root      root         32 Jan 12 16:30 myjob.txt
-rw-r--r--.  1 root      root       1083 Jan  7 13:15 my_second_cron_job.txt
-rw-r--r--.  1 root      root         24 Jan 12 11:22 output-servera
-rw-r--r--.  1 root      root          0 Jan 12 11:22 output-serverb
-rw-r--r--.  1 root      root       1035 Jan 10 11:04 output.txt
-rw-r--r--.  1 root      root      20168 Jan  5 06:43 passwd.ps
drwx------.  2 ctambunan ctambunan    71 Jan  7 17:00 .ssh
drwxr-xr-x.  2 root      root          6 Jan  8 09:16 TambunanG
drwxr-xr-x.  2 root      root         86 Jan  6 17:20 TambunanH
drwxr-xr-x.  2 root      root       4096 Jan  8 09:18 TambunanJ
drwxr-xr-x.  2 root      root       4096 Jan  7 17:53 TambunanLogFiles
drwxrwxrwx. 15 root      root       8192 Jan 26 13:28 TambunanShellScripting
drwxr-xr-x.  4 root      root       4096 Jan 13 11:52 TambunanW
drwxr-xr-x.  7 root      root        139 Jan  5 07:41 TambunanX
drwxr-xr-x.  5 root      root       4096 Jan  5 15:05 TambunanY
drwxr-xr-x.  2 root      root         95 Jan  5 18:47 TambunanZ
-rw-r--r--.  1 root      root         13 Jan 13 16:00 tea.txt
-rw-------.  1 ctambunan ctambunan  1087 Jan  5 15:05 .viminfo
-rw-r--r--.  1 root      root        166 Jan  4 09:32 zcat
[root@fedora 14:16:32 /home/ctambunan]$ cd TambunanShellScripting/
[root@fedora 14:16:40 /home/ctambunan/TambunanShellScripting]$ ls -la
total 4824
drwxrwxrwx. 15 root      root         8192 Jan 26 13:28 .
drwx------. 14 ctambunan ctambunan    4096 Jan 13 16:05 ..
drwxr-xr-x.  2 root      root            6 Jan 10 15:16 1
-rw-r--r--.  1 root      root           41 Jan 10 11:08 andidori.sh
drwxr-xr-x.  2 root      root            6 Jan 10 15:16 echo
drwxr-xr-x.  2 root      root          182 Jan 26 13:29 ElasticSearch01
drwxr-xr-x.  2 root      root            6 Jan 10 15:36 ElasticSearch02
drwxr-xr-x.  2 root      root            6 Jan 10 15:36 ElasticSearch03
drwxr-xr-x.  2 root      root            6 Jan 10 15:43 ElasticSearch04
drwxr-xr-x.  2 root      root            6 Jan 10 15:43 ElasticSearch05
drwxr-xr-x.  2 root      root            6 Jan 10 15:43 ElasticSearch06
drwxr-xr-x.  2 root      root            6 Jan 21 03:01 ElasticSearch07
drwxr-xr-x.  2 root      root            6 Jan 21 03:01 ElasticSearch08
drwxr-xr-x.  2 root      root            6 Jan 21 03:01 ElasticSearch09
drwxr-xr-x.  2 root      root            6 Jan 21 03:01 ElasticSearch10
-rwxr-xr-x.  1 root      root          414 Jan 10 11:04 firstscript.sh
-rw-r--r--.  1 root      root           79 Jan 10 17:36 FiveScript.sh
-rw-r--r--.  1 root      root          121 Jan 10 16:45 FourthScript.sh
-rw-r--r--.  1 root      root            0 Jan 24 09:08 History_of_Redhat_Fedora_Server100.txt
-rw-r--r--.  1 root      root        14442 Jan 10 11:31 History_of_Redhat_Fedora_Server_41.txt
-rw-r--r--.  1 root      root        15355 Jan 10 11:43 History_of_Redhat_Fedora_Server_42.txt
-rw-r--r--.  1 root      root        16385 Jan 10 12:40 History_of_Redhat_Fedora_Server_43.txt
-rw-r--r--.  1 root      root        19270 Jan 10 17:37 History_of_Redhat_Fedora_Server_44.txt
-rw-r--r--.  1 root      root        32338 Jan 19 20:04 History_of_Redhat_Fedora_Server_45.txt
-rw-r--r--.  1 root      root        32379 Jan 19 20:04 History_of_Redhat_Fedora_Server_46.txt
-rw-r--r--.  1 root      root        32422 Jan 19 20:04 History_of_Redhat_Fedora_Server_47.txt
-rw-r--r--.  1 root      root        32458 Jan 19 20:04 History_of_Redhat_Fedora_Server_48.txt
-rw-r--r--.  1 root      root        32501 Jan 19 20:04 History_of_Redhat_Fedora_Server_49.txt
-rw-r--r--.  1 root      root        32546 Jan 19 20:04 History_of_Redhat_Fedora_Server_50.txt
-rw-r--r--.  1 root      root        20450 Jan 11 18:29 History_of_Redhat_Fedora_Server51.txt
-rw-r--r--.  1 root      root      2553981 Jan 12 09:34 History_of_Redhat_Fedora_Server52.txt
-rw-r--r--.  1 root      root        25250 Jan 12 10:56 History_of_Redhat_Fedora_Server53.txt
-rw-r--r--.  1 root      root          745 Jan 12 11:25 History_of_Redhat_Fedora_Server54.txt
-rw-r--r--.  1 root      root        26304 Jan 12 11:59 History_of_Redhat_Fedora_Server55.txt
-rw-r--r--.  1 root      root          491 Jan 12 18:35 History_of_Redhat_Fedora_Server56.txt
-rw-r--r--.  1 root      root          525 Jan 12 18:35 History_of_Redhat_Fedora_Server57.txt
-rw-r--r--.  1 root      root        28194 Jan 12 18:52 History_of_Redhat_Fedora_Server58.txt
-rw-r--r--.  1 root      root        29026 Jan 13 10:29 History_of_Redhat_Fedora_Server59.txt
-rw-r--r--.  1 root      root          823 Jan 13 11:37 History_of_Redhat_Fedora_Server60.txt
-rw-r--r--.  1 root      root        30594 Jan 13 11:47 History_of_Redhat_Fedora_Server61.txt
-rw-r--r--.  1 root      root        31069 Jan 13 12:46 History_of_Redhat_Fedora_Server62.txt
-rw-r--r--.  1 root      root        31533 Jan 14 10:26 History_of_Redhat_Fedora_Server63.txt
-rw-r--r--.  1 root      root        31146 Jan 14 16:23 History_of_Redhat_Fedora_Server64.txt
-rw-r--r--.  1 root      root        31622 Jan 14 18:15 History_of_Redhat_Fedora_Server65.txt
-rw-r--r--.  1 root      root        31441 Jan 17 13:15 History_of_Redhat_Fedora_Server66.txt
-rw-r--r--.  1 root      root        31459 Jan 17 16:04 History_of_Redhat_Fedora_Server67.txt
-rw-r--r--.  1 root      root        31586 Jan 17 16:26 History_of_Redhat_Fedora_Server68.txt
-rw-r--r--.  1 root      root        31468 Jan 17 16:31 History_of_Redhat_Fedora_Server69.txt
-rw-r--r--.  1 root      root        31532 Jan 17 16:38 History_of_Redhat_Fedora_Server70.txt
-rw-r--r--.  1 root      root         3364 Jan 12 18:13 History_of_Redhat_Fedora_Server71.txt
-rw-r--r--.  1 root      root        31793 Jan 17 16:56 History_of_Redhat_Fedora_Server72.txt
-rw-r--r--.  1 root      root        32467 Jan 17 17:07 History_of_Redhat_Fedora_Server73.txt
-rwxrwxrwx.  1 root      root        32635 Jan 19 23:33 History_of_Redhat_Fedora_Server74.txt
-rwxrwxrwx.  1 root      root        32494 Jan 19 23:33 History_of_Redhat_Fedora_Server75.txt
-rwxrwxrwx.  1 root      root        32361 Jan 19 19:57 History_of_Redhat_Fedora_Server76.txt
-rwxrwxrwx.  1 root      root        32316 Jan 20 00:16 History_of_Redhat_Fedora_Server77.txt
-rwxrwxrwx.  1 root      root        32370 Jan 20 17:56 History_of_Redhat_Fedora_Server78.txt
-rwxrwxrwx.  1 root      root        32579 Jan 21 02:30 History_of_Redhat_Fedora_Server79.txt
-rwxrwxrwx.  1 root      root        32468 Jan 21 02:49 History_of_Redhat_Fedora_Server80.txt
-rw-rw-r--.  1 ctambunan ctambunan   67148 Jan 24 17:39 History_of_Redhat_Fedora_Server81.txt
-rw-rw-r--.  1 ctambunan ctambunan    2193 Jan 24 17:39 History_of_Redhat_Fedora_Server82.txt
-rw-rw-r--.  1 ctambunan ctambunan   71306 Jan 24 17:39 History_of_Redhat_Fedora_Server83.txt
-rw-rw-r--.  1 ctambunan ctambunan     585 Jan 24 17:39 History_of_Redhat_Fedora_Server84.txt
-rw-rw-r--.  1 ctambunan ctambunan     817 Jan 24 17:39 History_of_Redhat_Fedora_Server85.txt
-rw-rw-r--.  1 ctambunan ctambunan  315105 Jan 24 17:39 History_of_Redhat_Fedora_Server86.txt
-rw-rw-r--.  1 ctambunan ctambunan  130137 Jan 24 17:39 History_of_Redhat_Fedora_Server87.txt
-rw-rw-r--.  1 ctambunan ctambunan   41512 Jan 24 17:39 History_of_Redhat_Fedora_Server88.txt
-rw-rw-r--.  1 ctambunan ctambunan   94413 Jan 24 17:39 History_of_Redhat_Fedora_Server89.txt
-rw-rw-r--.  1 ctambunan ctambunan  114124 Jan 24 17:39 History_of_Redhat_Fedora_Server90.txt
-rwxrwxrwx.  1 root      root         7369 Jan 21 20:11 History_of_Redhat_Fedora_Server91.txt
-rwxrwxrwx+  1 root      root         4082 Jan 21 20:12 History_of_Redhat_Fedora_Server92.txt
-rwxrwxrwx.  1 root      root        63932 Jan 24 08:54 History_of_Redhat_Fedora_Server93.txt
-rwxrwxrwx.  1 root      root         8911 Jan 24 08:52 History_of_Redhat_Fedora_Server94.txt
-rwxrwxrwx.  1 root      root        19487 Jan 24 08:52 History_of_Redhat_Fedora_Server95.txt
-rw-r--r--.  1 root      root        33030 Jan 24 09:29 History_of_Redhat_Fedora_Server96.txt
-rw-r--r--.  1 root      root        33131 Jan 24 10:17 History_of_Redhat_Fedora_Server97.txt
-rw-r--r--.  1 root      root        32938 Jan 24 13:56 History_of_Redhat_Fedora_Server98.txt
-rw-r--r--.  1 root      root       205911 Jan 24 17:24 History_of_Redhat_Fedora_Server99.txt
-rw-r--r--.  1 root      root          111 Jan 10 12:38 SecondScript.sh
drwxr-xr-x.  2 root      root          108 Jan 14 16:13 tambunan
-rw-r--r--.  1 root      root          384 Jan 10 17:56 ThirdScript.sh
[root@fedora 14:16:43 /home/ctambunan/TambunanShellScripting]$ cd ElasticSearch01/
[root@fedora 14:17:07 /home/ctambunan/TambunanShellScripting/ElasticSearch01]$ ls -la
total 48
drwxr-xr-x.  2 root root   182 Jan 26 13:29 .
drwxrwxrwx. 15 root root  8192 Jan 26 13:28 ..
-rw-r--r--.  1 root root     0 Jan 26 13:29 History
-rw-r--r--.  1 root root 33116 Jan 26 13:29 IntroductionElasticSearchDB01.txt
-rw-r--r--.  1 root root     0 Jan 10 15:50 sean_gelael1.txt
-rw-r--r--.  1 root root     0 Jan 10 15:50 sean_gelael2.txt
-rw-r--r--.  1 root root     0 Jan 10 15:50 sean_gelael3.txt
-rw-r--r--.  1 root root     0 Jan 10 15:50 sean_gelael4.txt
-rw-r--r--.  1 root root     0 Jan 10 15:50 sean_gelael5.txt
[root@fedora 14:17:09 /home/ctambunan/TambunanShellScripting/ElasticSearch01]$ touch IntroductionElasticSearchDB02.txt
[root@fedora 14:17:21 /home/ctambunan/TambunanShellScripting/ElasticSearch01]$ sudo /bin/systemctl enable elasticsearch.service
Synchronizing state of elasticsearch.service with SysV service script with /usr/lib/systemd/systemd-sysv-install.
Executing: /usr/lib/systemd/systemd-sysv-install enable elasticsearch
Created symlink /etc/systemd/system/multi-user.target.wants/elasticsearch.service â†’ /usr/lib/systemd/system/elasticsearch.service.
[root@fedora 14:17:28 /home/ctambunan/TambunanShellScripting/ElasticSearch01]$ sudo systemctl start elasticsearch.service

[root@fedora 14:18:27 /home/ctambunan/TambunanShellScripting/ElasticSearch01]$
[root@fedora 14:18:27 /home/ctambunan/TambunanShellScripting/ElasticSearch01]$ sudo systemctl stop elasticsearch.service
[root@fedora 14:18:44 /home/ctambunan/TambunanShellScripting/ElasticSearch01]$ sudo journalctl -f
Jan 26 14:18:44 fedora systemd[1]: Stopped Elasticsearch.
Jan 26 14:18:44 fedora sudo[5142]: pam_unix(sudo:session): session closed for user root
Jan 26 14:18:44 fedora audit[5142]: CRED_DISP pid=5142 uid=0 auid=1000 ses=3 subj=unconfined_u:unconfined_r:unconfined_t:s0-s0:c0.c1023 msg='op=PAM:setcred grantors=pam_env,pam_fprintd acct="root" exe="/usr/bin/sudo" hostname=? addr=? terminal=/dev/pts/1 res=success'
Jan 26 14:18:44 fedora systemd[1]: elasticsearch.service: Consumed 48.190s CPU time.
Jan 26 14:19:00 fedora audit[5160]: USER_ACCT pid=5160 uid=0 auid=1000 ses=3 subj=unconfined_u:unconfined_r:unconfined_t:s0-s0:c0.c1023 msg='op=PAM:accounting grantors=pam_unix,pam_localuser acct="root" exe="/usr/bin/sudo" hostname=? addr=? terminal=/dev/pts/1 res=success'
Jan 26 14:19:00 fedora audit[5160]: USER_CMD pid=5160 uid=0 auid=1000 ses=3 subj=unconfined_u:unconfined_r:unconfined_t:s0-s0:c0.c1023 msg='cwd="/home/ctambunan/TambunanShellScripting/ElasticSearch01" cmd=6A6F75726E616C63746C202D66 exe="/usr/bin/sudo" terminal=pts/1 res=success'
Jan 26 14:19:00 fedora sudo[5160]:     root : TTY=pts/1 ; PWD=/home/ctambunan/TambunanShellScripting/ElasticSearch01 ; USER=root ; COMMAND=/usr/bin/journalctl -f
Jan 26 14:19:00 fedora audit[5160]: CRED_REFR pid=5160 uid=0 auid=1000 ses=3 subj=unconfined_u:unconfined_r:unconfined_t:s0-s0:c0.c1023 msg='op=PAM:setcred grantors=pam_env,pam_fprintd acct="root" exe="/usr/bin/sudo" hostname=? addr=? terminal=/dev/pts/1 res=success'
Jan 26 14:19:00 fedora sudo[5160]: pam_unix(sudo:session): session opened for user root(uid=0) by ctambunan(uid=0)
Jan 26 14:19:00 fedora audit[5160]: USER_START pid=5160 uid=0 auid=1000 ses=3 subj=unconfined_u:unconfined_r:unconfined_t:s0-s0:c0.c1023 msg='op=PAM:session_open grantors=pam_keyinit,pam_limits,pam_keyinit,pam_limits,pam_systemd,pam_unix acct="root" exe="/usr/bin/sudo" hostname=? addr=? terminal=/dev/pts/1 res=success'

^C
[root@fedora 14:19:04 /home/ctambunan/TambunanShellScripting/ElasticSearch01]$ sudo journalctl --unit elasticsearch
Jan 26 13:44:19 fedora systemd[1]: Starting Elasticsearch...
Jan 26 13:45:03 fedora systemd[1]: Started Elasticsearch.

Jan 26 13:45:12 fedora systemd[1]: Stopping Elasticsearch...
Jan 26 13:45:15 fedora systemd[1]: elasticsearch.service: Deactivated successfully.
Jan 26 13:45:15 fedora systemd[1]: Stopped Elasticsearch.
Jan 26 13:45:15 fedora systemd[1]: elasticsearch.service: Consumed 45.995s CPU time.
Jan 26 14:17:44 fedora systemd[1]: Starting Elasticsearch...
Jan 26 14:18:27 fedora systemd[1]: Started Elasticsearch.
Jan 26 14:18:42 fedora systemd[1]: Stopping Elasticsearch...
Jan 26 14:18:44 fedora systemd[1]: elasticsearch.service: Deactivated successfully.
Jan 26 14:18:44 fedora systemd[1]: Stopped Elasticsearch.
Jan 26 14:18:44 fedora systemd[1]: elasticsearch.service: Consumed 48.190s CPU time.
[root@fedora 14:19:13 /home/ctambunan/TambunanShellScripting/ElasticSearch01]$ sudo journalctl --unit elasticsearch --since  "2016-10-30 18:17:16"
Jan 26 13:44:19 fedora systemd[1]: Starting Elasticsearch...
Jan 26 13:45:03 fedora systemd[1]: Started Elasticsearch.
Jan 26 13:45:12 fedora systemd[1]: Stopping Elasticsearch...
Jan 26 13:45:15 fedora systemd[1]: elasticsearch.service: Deactivated successfully.
Jan 26 13:45:15 fedora systemd[1]: Stopped Elasticsearch.
Jan 26 13:45:15 fedora systemd[1]: elasticsearch.service: Consumed 45.995s CPU time.
Jan 26 14:17:44 fedora systemd[1]: Starting Elasticsearch...
Jan 26 14:18:27 fedora systemd[1]: Started Elasticsearch.
Jan 26 14:18:42 fedora systemd[1]: Stopping Elasticsearch...
Jan 26 14:18:44 fedora systemd[1]: elasticsearch.service: Deactivated successfully.
Jan 26 14:18:44 fedora systemd[1]: Stopped Elasticsearch.
Jan 26 14:18:44 fedora systemd[1]: elasticsearch.service: Consumed 48.190s CPU time.
[root@fedora 14:19:18 /home/ctambunan/TambunanShellScripting/ElasticSearch01]$ ls -la
total 52
drwxr-xr-x.  2 root root  4096 Jan 26 14:17 .
drwxrwxrwx. 15 root root  8192 Jan 26 13:28 ..
-rw-r--r--.  1 root root     0 Jan 26 13:29 History
-rw-r--r--.  1 root root 33116 Jan 26 13:29 IntroductionElasticSearchDB01.txt
-rw-r--r--.  1 root root     0 Jan 26 14:17 IntroductionElasticSearchDB02.txt
-rw-r--r--.  1 root root     0 Jan 10 15:50 sean_gelael1.txt
-rw-r--r--.  1 root root     0 Jan 10 15:50 sean_gelael2.txt
-rw-r--r--.  1 root root     0 Jan 10 15:50 sean_gelael3.txt
-rw-r--r--.  1 root root     0 Jan 10 15:50 sean_gelael4.txt
-rw-r--r--.  1 root root     0 Jan 10 15:50 sean_gelael5.txt
[root@fedora 14:19:46 /home/ctambunan/TambunanShellScripting/ElasticSearch01]$ nano IntroductionElasticSearchDB02.txt
[root@fedora 14:20:10 /home/ctambunan/TambunanShellScripting/ElasticSearch01]$

[root@fedora 14:20:10 /home/ctambunan/TambunanShellScripting/ElasticSearch01]$ nano IntroductionElasticSearchDB02.txt
[root@fedora 14:20:20 /home/ctambunan/TambunanShellScripting/ElasticSearch01]$ touch IntroductionElasticSearchDB03.txt
[root@fedora 14:20:34 /home/ctambunan/TambunanShellScripting/ElasticSearch01]$ sudo journalctl --unit elasticsearch --since  "2016-10-30 18:17:16"
Jan 26 13:44:19 fedora systemd[1]: Starting Elasticsearch...
Jan 26 13:45:03 fedora systemd[1]: Started Elasticsearch.
Jan 26 13:45:12 fedora systemd[1]: Stopping Elasticsearch...
Jan 26 13:45:15 fedora systemd[1]: elasticsearch.service: Deactivated successfully.
Jan 26 13:45:15 fedora systemd[1]: Stopped Elasticsearch.
Jan 26 13:45:15 fedora systemd[1]: elasticsearch.service: Consumed 45.995s CPU time.
Jan 26 14:17:44 fedora systemd[1]: Starting Elasticsearch...
Jan 26 14:18:27 fedora systemd[1]: Started Elasticsearch.
Jan 26 14:18:42 fedora systemd[1]: Stopping Elasticsearch...
Jan 26 14:18:44 fedora systemd[1]: elasticsearch.service: Deactivated successfully.
Jan 26 14:18:44 fedora systemd[1]: Stopped Elasticsearch.
Jan 26 14:18:44 fedora systemd[1]: elasticsearch.service: Consumed 48.190s CPU time.
[root@fedora 14:20:40 /home/ctambunan/TambunanShellScripting/ElasticSearch01]$ curl -X GET "localhost:9200/?pretty"
curl: (7) Failed to connect to localhost port 9200 after 0 ms: Connection refused
[root@fedora 14:21:07 /home/ctambunan/TambunanShellScripting/ElasticSearch01]$ GET /
bash: GET: command not found
[root@fedora 14:21:41 /home/ctambunan/TambunanShellScripting/ElasticSearch01]$ curl -X GET "localhost:9200
>
>
>
>
>
> /?pretty"
curl: (3) URL using bad/illegal format or missing URL
[root@fedora 14:22:01 /home/ctambunan/TambunanShellScripting/ElasticSearch01]$ curl -X GET "localhost:9200/?pretty"
curl: (7) Failed to connect to localhost port 9200 after 0 ms: Connection refused
[root@fedora 14:22:05 /home/ctambunan/TambunanShellScripting/ElasticSearch01]$ ./bin/elasticsearch
bash: ./bin/elasticsearch: No such file or directory
[root@fedora 14:24:19 /home/ctambunan/TambunanShellScripting/ElasticSearch01]$ ./bin/elasticsearch -d -p elastic.pid
bash: ./bin/elasticsearch: No such file or directory
[root@fedora 14:24:33 /home/ctambunan/TambunanShellScripting/ElasticSearch01]$ systemctl status elasticsearch.service

â—‹ elasticsearch.service - Elasticsearch
     Loaded: loaded (/usr/lib/systemd/system/elasticsearch.service; enabled; vendor preset: disabled)
     Active: inactive (dead) since Wed 2022-01-26 14:18:44 WIB; 5min ago
       Docs: https://www.elastic.co
    Process: 4933 ExecStart=/usr/share/elasticsearch/bin/systemd-entrypoint -p ${PID_DIR}/elasticsearch.pid --quiet (code=exited, status=143)
   Main PID: 4933 (code=exited, status=143)
        CPU: 48.190s

Jan 26 14:17:44 fedora systemd[1]: Starting Elasticsearch...
Jan 26 14:18:27 fedora systemd[1]: Started Elasticsearch.
Jan 26 14:18:42 fedora systemd[1]: Stopping Elasticsearch...
Jan 26 14:18:44 fedora systemd[1]: elasticsearch.service: Deactivated successfully.
Jan 26 14:18:44 fedora systemd[1]: Stopped Elasticsearch.
Jan 26 14:18:44 fedora systemd[1]: elasticsearch.service: Consumed 48.190s CPU time.
[root@fedora 14:24:42 /home/ctambunan/TambunanShellScripting/ElasticSearch01]$ systemctl enable elasticsearch.service
Synchronizing state of elasticsearch.service with SysV service script with /usr/lib/systemd/systemd-sysv-install.
Executing: /usr/lib/systemd/systemd-sysv-install enable elasticsearch
[root@fedora 14:24:52 /home/ctambunan/TambunanShellScripting/ElasticSearch01]$ systemctl restart elasticsearch.service
[root@fedora 14:25:43 /home/ctambunan/TambunanShellScripting/ElasticSearch01]$ systemctl enable elasticsearch.service
Synchronizing state of elasticsearch.service with SysV service script with /usr/lib/systemd/systemd-sysv-install.
Executing: /usr/lib/systemd/systemd-sysv-install enable elasticsearch
[root@fedora 14:28:06 /home/ctambunan/TambunanShellScripting/ElasticSearch01]$ systemctl status elasticsearch.service
â— elasticsearch.service - Elasticsearch
     Loaded: loaded (/usr/lib/systemd/system/elasticsearch.service; enabled; vendor preset: disabled)
     Active: active (running) since Wed 2022-01-26 14:25:43 WIB; 2min 25s ago
       Docs: https://www.elastic.co
   Main PID: 5243 (java)
      Tasks: 59 (limit: 2269)
     Memory: 1.3G
        CPU: 49.522s
     CGroup: /system.slice/elasticsearch.service
             â”œâ”€5243 /usr/share/elasticsearch/jdk/bin/java -Xshare:auto -Des.networkaddress.cache.ttl=60 -Des.networkaddress.cache.negative.ttl=10 -XX:+Alwa>             â””â”€5769 /usr/share/elasticsearch/modules/x-pack-ml/platform/linux-x86_64/bin/controller

Jan 26 14:25:01 fedora systemd[1]: Starting Elasticsearch...
Jan 26 14:25:43 fedora systemd[1]: Started Elasticsearch.
lines 1-14/14 (END)
^C
[root@fedora 14:28:37 /home/ctambunan/TambunanShellScripting/ElasticSearch01]$ nano /etc/elasticsearch/elasticsearch.yml
[root@fedora 14:28:57 /home/ctambunan/TambunanShellScripting/ElasticSearch01]$ curl -X GET "localhost:9200/?pretty"
{
  "name" : "fedora",
  "cluster_name" : "elasticsearch",
  "cluster_uuid" : "cari7MNDTkKnVMHu-u7GNg",
  "version" : {
    "number" : "7.16.3",
    "build_flavor" : "default",
    "build_type" : "rpm",
    "build_hash" : "4e6e4eab2297e949ec994e688dad46290d018022",
    "build_date" : "2022-01-06T23:43:02.825887787Z",
    "build_snapshot" : false,
    "lucene_version" : "8.10.1",
    "minimum_wire_compatibility_version" : "6.8.0",
    "minimum_index_compatibility_version" : "6.0.0-beta1"
  },
  "tagline" : "You Know, for Search"
}
[root@fedora 14:29:12 /home/ctambunan/TambunanShellScripting/ElasticSearch01]$ ls -la
total 272
drwxr-xr-x.  2 root root   4096 Jan 26 14:20 .
drwxrwxrwx. 15 root root   8192 Jan 26 13:28 ..
-rw-r--r--.  1 root root      0 Jan 26 13:29 History
-rw-r--r--.  1 root root  33116 Jan 26 13:29 IntroductionElasticSearchDB01.txt
-rw-r--r--.  1 root root 222477 Jan 26 14:20 IntroductionElasticSearchDB02.txt
-rw-r--r--.  1 root root      0 Jan 26 14:20 IntroductionElasticSearchDB03.txt
-rw-r--r--.  1 root root      0 Jan 10 15:50 sean_gelael1.txt
-rw-r--r--.  1 root root      0 Jan 10 15:50 sean_gelael2.txt
-rw-r--r--.  1 root root      0 Jan 10 15:50 sean_gelael3.txt
-rw-r--r--.  1 root root      0 Jan 10 15:50 sean_gelael4.txt
-rw-r--r--.  1 root root      0 Jan 10 15:50 sean_gelael5.txt
[root@fedora 14:29:32 /home/ctambunan/TambunanShellScripting/ElasticSearch01]$ mv sean_gelael1.txt IntroductionElasticSearchDB04.txt
[root@fedora 14:30:03 /home/ctambunan/TambunanShellScripting/ElasticSearch01]$ mv sean_gelael2.txt IntroductionElasticSearchDB05.txt
[root@fedora 14:30:11 /home/ctambunan/TambunanShellScripting/ElasticSearch01]$ mv sean_gelael3.txt IntroductionElasticSearchDB06.txt
[root@fedora 14:30:18 /home/ctambunan/TambunanShellScripting/ElasticSearch01]$ mv sean_gelael4.txt IntroductionElasticSearchDB07.txt
[root@fedora 14:30:25 /home/ctambunan/TambunanShellScripting/ElasticSearch01]$ mv sean_gelael5.txt IntroductionElasticSearchDB08.txt
[root@fedora 14:30:33 /home/ctambunan/TambunanShellScripting/ElasticSearch01]$

[root@fedora 14:30:33 /home/ctambunan/TambunanShellScripting/ElasticSearch01]$ ls -la
total 272
drwxr-xr-x.  2 root root   4096 Jan 26 14:30 .
drwxrwxrwx. 15 root root   8192 Jan 26 13:28 ..
-rw-r--r--.  1 root root      0 Jan 26 13:29 History
-rw-r--r--.  1 root root  33116 Jan 26 13:29 IntroductionElasticSearchDB01.txt
-rw-r--r--.  1 root root 222477 Jan 26 14:20 IntroductionElasticSearchDB02.txt
-rw-r--r--.  1 root root      0 Jan 26 14:20 IntroductionElasticSearchDB03.txt
-rw-r--r--.  1 root root      0 Jan 10 15:50 IntroductionElasticSearchDB04.txt
-rw-r--r--.  1 root root      0 Jan 10 15:50 IntroductionElasticSearchDB05.txt
-rw-r--r--.  1 root root      0 Jan 10 15:50 IntroductionElasticSearchDB06.txt
-rw-r--r--.  1 root root      0 Jan 10 15:50 IntroductionElasticSearchDB07.txt
-rw-r--r--.  1 root root      0 Jan 10 15:50 IntroductionElasticSearchDB08.txt
[root@fedora 14:31:26 /home/ctambunan/TambunanShellScripting/ElasticSearch01]$ nano IntroductionElasticSearchDB03.txt
[root@fedora 14:31:48 /home/ctambunan/TambunanShellScripting/ElasticSearch01]$ ls -la
total 388
drwxr-xr-x.  2 root root   4096 Jan 26 14:30 .
drwxrwxrwx. 15 root root   8192 Jan 26 13:28 ..
-rw-r--r--.  1 root root      0 Jan 26 13:29 History
-rw-r--r--.  1 root root  33116 Jan 26 13:29 IntroductionElasticSearchDB01.txt
-rw-r--r--.  1 root root 222477 Jan 26 14:20 IntroductionElasticSearchDB02.txt
-rw-r--r--.  1 root root 117762 Jan 26 14:31 IntroductionElasticSearchDB03.txt
-rw-r--r--.  1 root root      0 Jan 10 15:50 IntroductionElasticSearchDB04.txt
-rw-r--r--.  1 root root      0 Jan 10 15:50 IntroductionElasticSearchDB05.txt
-rw-r--r--.  1 root root      0 Jan 10 15:50 IntroductionElasticSearchDB06.txt
-rw-r--r--.  1 root root      0 Jan 10 15:50 IntroductionElasticSearchDB07.txt
-rw-r--r--.  1 root root      0 Jan 10 15:50 IntroductionElasticSearchDB08.txt
[root@fedora 14:31:51 /home/ctambunan/TambunanShellScripting/ElasticSearch01]$ mv History /home/ctambunan/
[root@fedora 14:32:09 /home/ctambunan/TambunanShellScripting/ElasticSearch01]$ poweroff
[root@fedora 14:33:41 /home/ctambunan/TambunanShellScripting/ElasticSearch01]$ Connection to 192.168.231.130 closed by remote host.
Connection to 192.168.231.130 closed.
PS D:\> ssh ctambunan@192.168.231.130
ctambunan@192.168.231.130's password:
"System is booting up. Unprivileged users are not permitted to log in yet. Please come back later. For technical details, see pam_nologin(8)."
Connection closed by 192.168.231.130 port 22
PS D:\> ssh ctambunan@192.168.231.130
ctambunan@192.168.231.130's password:
Web console: https://fedora:9090/ or https://192.168.231.130:9090/

Last login: Wed Jan 26 16:28:00 2022
[ctambunan@fedora ~]$ sudo su
[sudo] password for ctambunan:
[root@fedora 16:28:18 /home/ctambunan]$ ls -la
total 136
drwx------. 14 ctambunan ctambunan  4096 Jan 26 14:32 .
drwxr-xr-x. 10 root      root        146 Jan 19 23:15 ..
-rw-------.  1 ctambunan ctambunan  1252 Jan 21 20:31 .bash_history
-rw-r--r--.  1 ctambunan ctambunan    18 Jul 22  2021 .bash_logout
-rw-r--r--.  1 ctambunan ctambunan   141 Jul 22  2021 .bash_profile
-rw-r--r--.  1 ctambunan ctambunan   492 Jul 22  2021 .bashrc
-rw-r--r--.  1 root      root       1083 Jan  7 13:09 charles.h
drwxr-xr-x.  2 root      root         25 Jan  4 09:42 charles_tambunan
-rw-r--r--.  1 root      root        583 Jan  7 13:11 charles.tar
-rw-r--r--.  1 root      root        583 Jan  7 13:10 charles.tar.gz
-rw-r--r--.  1 root      root         20 Jan 13 16:05 cookies.txt
drwxr-xr-x.  2 root      root         64 Jan  4 12:04 dongan
-rw-r--r--.  1 ctambunan ctambunan 19966 Jan  7 17:02 history
-rw-r--r--.  1 root      root          0 Jan 26 13:29 History
-rw-r--r--.  1 root      root          0 Jan  5 06:55 konyolmsg
-rw-------.  1 ctambunan ctambunan    20 Jan  7 16:57 .lesshst
-rw-r--r--.  1 root      root          0 Jan 13 11:38 man
-rw-r--r--.  1 root      root          0 Jan 12 17:34 my_first_cron_job.txt
-rw-r--r--.  1 root      root         32 Jan 12 16:30 myjob.txt
-rw-r--r--.  1 root      root       1083 Jan  7 13:15 my_second_cron_job.txt
-rw-r--r--.  1 root      root         24 Jan 12 11:22 output-servera
-rw-r--r--.  1 root      root          0 Jan 12 11:22 output-serverb
-rw-r--r--.  1 root      root       1035 Jan 10 11:04 output.txt
-rw-r--r--.  1 root      root      20168 Jan  5 06:43 passwd.ps
drwx------.  2 ctambunan ctambunan    71 Jan  7 17:00 .ssh
drwxr-xr-x.  2 root      root          6 Jan  8 09:16 TambunanG
drwxr-xr-x.  2 root      root         86 Jan  6 17:20 TambunanH
drwxr-xr-x.  2 root      root       4096 Jan  8 09:18 TambunanJ
drwxr-xr-x.  2 root      root       4096 Jan  7 17:53 TambunanLogFiles
drwxrwxrwx. 15 root      root       8192 Jan 26 13:28 TambunanShellScripting
drwxr-xr-x.  4 root      root       4096 Jan 13 11:52 TambunanW
drwxr-xr-x.  7 root      root        139 Jan  5 07:41 TambunanX
drwxr-xr-x.  5 root      root       4096 Jan  5 15:05 TambunanY
drwxr-xr-x.  2 root      root         95 Jan  5 18:47 TambunanZ
-rw-r--r--.  1 root      root         13 Jan 13 16:00 tea.txt
-rw-------.  1 ctambunan ctambunan  1087 Jan  5 15:05 .viminfo
-rw-r--r--.  1 root      root        166 Jan  4 09:32 zcat
[root@fedora 16:28:20 /home/ctambunan]$ cd TambunanShellScripting/
[root@fedora 16:30:40 /home/ctambunan/TambunanShellScripting]$ ls -la
total 4828
drwxrwxrwx. 15 root      root         8192 Jan 26 13:28 .
drwx------. 14 ctambunan ctambunan    4096 Jan 26 14:32 ..
drwxr-xr-x.  2 root      root            6 Jan 10 15:16 1
-rw-r--r--.  1 root      root           41 Jan 10 11:08 andidori.sh
drwxr-xr-x.  2 root      root            6 Jan 10 15:16 echo
drwxr-xr-x.  2 root      root         4096 Jan 26 14:32 ElasticSearch01
drwxr-xr-x.  2 root      root            6 Jan 10 15:36 ElasticSearch02
drwxr-xr-x.  2 root      root            6 Jan 10 15:36 ElasticSearch03
drwxr-xr-x.  2 root      root            6 Jan 10 15:43 ElasticSearch04
drwxr-xr-x.  2 root      root            6 Jan 10 15:43 ElasticSearch05
drwxr-xr-x.  2 root      root            6 Jan 10 15:43 ElasticSearch06
drwxr-xr-x.  2 root      root            6 Jan 21 03:01 ElasticSearch07
drwxr-xr-x.  2 root      root            6 Jan 21 03:01 ElasticSearch08
drwxr-xr-x.  2 root      root            6 Jan 21 03:01 ElasticSearch09
drwxr-xr-x.  2 root      root            6 Jan 21 03:01 ElasticSearch10
-rwxr-xr-x.  1 root      root          414 Jan 10 11:04 firstscript.sh
-rw-r--r--.  1 root      root           79 Jan 10 17:36 FiveScript.sh
-rw-r--r--.  1 root      root          121 Jan 10 16:45 FourthScript.sh
-rw-r--r--.  1 root      root            0 Jan 24 09:08 History_of_Redhat_Fedora_Server100.txt
-rw-r--r--.  1 root      root        14442 Jan 10 11:31 History_of_Redhat_Fedora_Server_41.txt
-rw-r--r--.  1 root      root        15355 Jan 10 11:43 History_of_Redhat_Fedora_Server_42.txt
-rw-r--r--.  1 root      root        16385 Jan 10 12:40 History_of_Redhat_Fedora_Server_43.txt
-rw-r--r--.  1 root      root        19270 Jan 10 17:37 History_of_Redhat_Fedora_Server_44.txt
-rw-r--r--.  1 root      root        32338 Jan 19 20:04 History_of_Redhat_Fedora_Server_45.txt
-rw-r--r--.  1 root      root        32379 Jan 19 20:04 History_of_Redhat_Fedora_Server_46.txt
-rw-r--r--.  1 root      root        32422 Jan 19 20:04 History_of_Redhat_Fedora_Server_47.txt
-rw-r--r--.  1 root      root        32458 Jan 19 20:04 History_of_Redhat_Fedora_Server_48.txt
-rw-r--r--.  1 root      root        32501 Jan 19 20:04 History_of_Redhat_Fedora_Server_49.txt
-rw-r--r--.  1 root      root        32546 Jan 19 20:04 History_of_Redhat_Fedora_Server_50.txt
-rw-r--r--.  1 root      root        20450 Jan 11 18:29 History_of_Redhat_Fedora_Server51.txt
-rw-r--r--.  1 root      root      2553981 Jan 12 09:34 History_of_Redhat_Fedora_Server52.txt
-rw-r--r--.  1 root      root        25250 Jan 12 10:56 History_of_Redhat_Fedora_Server53.txt
-rw-r--r--.  1 root      root          745 Jan 12 11:25 History_of_Redhat_Fedora_Server54.txt
-rw-r--r--.  1 root      root        26304 Jan 12 11:59 History_of_Redhat_Fedora_Server55.txt
-rw-r--r--.  1 root      root          491 Jan 12 18:35 History_of_Redhat_Fedora_Server56.txt
-rw-r--r--.  1 root      root          525 Jan 12 18:35 History_of_Redhat_Fedora_Server57.txt
-rw-r--r--.  1 root      root        28194 Jan 12 18:52 History_of_Redhat_Fedora_Server58.txt
-rw-r--r--.  1 root      root        29026 Jan 13 10:29 History_of_Redhat_Fedora_Server59.txt
-rw-r--r--.  1 root      root          823 Jan 13 11:37 History_of_Redhat_Fedora_Server60.txt
-rw-r--r--.  1 root      root        30594 Jan 13 11:47 History_of_Redhat_Fedora_Server61.txt
-rw-r--r--.  1 root      root        31069 Jan 13 12:46 History_of_Redhat_Fedora_Server62.txt
-rw-r--r--.  1 root      root        31533 Jan 14 10:26 History_of_Redhat_Fedora_Server63.txt
-rw-r--r--.  1 root      root        31146 Jan 14 16:23 History_of_Redhat_Fedora_Server64.txt
-rw-r--r--.  1 root      root        31622 Jan 14 18:15 History_of_Redhat_Fedora_Server65.txt
-rw-r--r--.  1 root      root        31441 Jan 17 13:15 History_of_Redhat_Fedora_Server66.txt
-rw-r--r--.  1 root      root        31459 Jan 17 16:04 History_of_Redhat_Fedora_Server67.txt
-rw-r--r--.  1 root      root        31586 Jan 17 16:26 History_of_Redhat_Fedora_Server68.txt
-rw-r--r--.  1 root      root        31468 Jan 17 16:31 History_of_Redhat_Fedora_Server69.txt
-rw-r--r--.  1 root      root        31532 Jan 17 16:38 History_of_Redhat_Fedora_Server70.txt
-rw-r--r--.  1 root      root         3364 Jan 12 18:13 History_of_Redhat_Fedora_Server71.txt
-rw-r--r--.  1 root      root        31793 Jan 17 16:56 History_of_Redhat_Fedora_Server72.txt
-rw-r--r--.  1 root      root        32467 Jan 17 17:07 History_of_Redhat_Fedora_Server73.txt
-rwxrwxrwx.  1 root      root        32635 Jan 19 23:33 History_of_Redhat_Fedora_Server74.txt
-rwxrwxrwx.  1 root      root        32494 Jan 19 23:33 History_of_Redhat_Fedora_Server75.txt
-rwxrwxrwx.  1 root      root        32361 Jan 19 19:57 History_of_Redhat_Fedora_Server76.txt
-rwxrwxrwx.  1 root      root        32316 Jan 20 00:16 History_of_Redhat_Fedora_Server77.txt
-rwxrwxrwx.  1 root      root        32370 Jan 20 17:56 History_of_Redhat_Fedora_Server78.txt
-rwxrwxrwx.  1 root      root        32579 Jan 21 02:30 History_of_Redhat_Fedora_Server79.txt
-rwxrwxrwx.  1 root      root        32468 Jan 21 02:49 History_of_Redhat_Fedora_Server80.txt
-rw-rw-r--.  1 ctambunan ctambunan   67148 Jan 24 17:39 History_of_Redhat_Fedora_Server81.txt
-rw-rw-r--.  1 ctambunan ctambunan    2193 Jan 24 17:39 History_of_Redhat_Fedora_Server82.txt
-rw-rw-r--.  1 ctambunan ctambunan   71306 Jan 24 17:39 History_of_Redhat_Fedora_Server83.txt
-rw-rw-r--.  1 ctambunan ctambunan     585 Jan 24 17:39 History_of_Redhat_Fedora_Server84.txt
-rw-rw-r--.  1 ctambunan ctambunan     817 Jan 24 17:39 History_of_Redhat_Fedora_Server85.txt
-rw-rw-r--.  1 ctambunan ctambunan  315105 Jan 24 17:39 History_of_Redhat_Fedora_Server86.txt
-rw-rw-r--.  1 ctambunan ctambunan  130137 Jan 24 17:39 History_of_Redhat_Fedora_Server87.txt
-rw-rw-r--.  1 ctambunan ctambunan   41512 Jan 24 17:39 History_of_Redhat_Fedora_Server88.txt
-rw-rw-r--.  1 ctambunan ctambunan   94413 Jan 24 17:39 History_of_Redhat_Fedora_Server89.txt
-rw-rw-r--.  1 ctambunan ctambunan  114124 Jan 24 17:39 History_of_Redhat_Fedora_Server90.txt
-rwxrwxrwx.  1 root      root         7369 Jan 21 20:11 History_of_Redhat_Fedora_Server91.txt
-rwxrwxrwx+  1 root      root         4082 Jan 21 20:12 History_of_Redhat_Fedora_Server92.txt
-rwxrwxrwx.  1 root      root        63932 Jan 24 08:54 History_of_Redhat_Fedora_Server93.txt

-rwxrwxrwx.  1 root      root         8911 Jan 24 08:52 History_of_Redhat_Fedora_Server94.txt
-rwxrwxrwx.  1 root      root        19487 Jan 24 08:52 History_of_Redhat_Fedora_Server95.txt
-rw-r--r--.  1 root      root        33030 Jan 24 09:29 History_of_Redhat_Fedora_Server96.txt
-rw-r--r--.  1 root      root        33131 Jan 24 10:17 History_of_Redhat_Fedora_Server97.txt
-rw-r--r--.  1 root      root        32938 Jan 24 13:56 History_of_Redhat_Fedora_Server98.txt
-rw-r--r--.  1 root      root       205911 Jan 24 17:24 History_of_Redhat_Fedora_Server99.txt
-rw-r--r--.  1 root      root          111 Jan 10 12:38 SecondScript.sh
drwxr-xr-x.  2 root      root          108 Jan 14 16:13 tambunan
-rw-r--r--.  1 root      root          384 Jan 10 17:56 ThirdScript.sh
[root@fedora 16:30:42 /home/ctambunan/TambunanShellScripting]$ cd ElasticSearch01/
[root@fedora 16:30:52 /home/ctambunan/TambunanShellScripting/ElasticSearch01]$ ls -la
total 388
drwxr-xr-x.  2 root root   4096 Jan 26 14:32 .
drwxrwxrwx. 15 root root   8192 Jan 26 13:28 ..
-rw-r--r--.  1 root root  33116 Jan 26 13:29 IntroductionElasticSearchDB01.txt
-rw-r--r--.  1 root root 222477 Jan 26 14:20 IntroductionElasticSearchDB02.txt
-rw-r--r--.  1 root root 117762 Jan 26 14:31 IntroductionElasticSearchDB03.txt
-rw-r--r--.  1 root root      0 Jan 10 15:50 IntroductionElasticSearchDB04.txt
-rw-r--r--.  1 root root      0 Jan 10 15:50 IntroductionElasticSearchDB05.txt
-rw-r--r--.  1 root root      0 Jan 10 15:50 IntroductionElasticSearchDB06.txt
-rw-r--r--.  1 root root      0 Jan 10 15:50 IntroductionElasticSearchDB07.txt
-rw-r--r--.  1 root root      0 Jan 10 15:50 IntroductionElasticSearchDB08.txt
[root@fedora 16:30:53 /home/ctambunan/TambunanShellScripting/ElasticSearch01]$ nano IntroductionElasticSearchDB04.txt
[root@fedora 16:31:24 /home/ctambunan/TambunanShellScripting/ElasticSearch01]$ ip a
1: lo: <LOOPBACK,UP,LOWER_UP> mtu 65536 qdisc noqueue state UNKNOWN group default qlen 1000
    link/loopback 00:00:00:00:00:00 brd 00:00:00:00:00:00
    inet 127.0.0.1/8 scope host lo
       valid_lft forever preferred_lft forever
    inet6 ::1/128 scope host
       valid_lft forever preferred_lft forever
2: ens160: <BROADCAST,MULTICAST,UP,LOWER_UP> mtu 1500 qdisc fq_codel state UP group default qlen 1000
    link/ether 00:0c:29:b4:a4:1a brd ff:ff:ff:ff:ff:ff
    altname enp3s0
    inet 192.168.231.130/24 brd 192.168.231.255 scope global dynamic noprefixroute ens160
       valid_lft 1375sec preferred_lft 1375sec
    inet6 fe80::20c:29ff:feb4:a41a/64 scope link noprefixroute
       valid_lft forever preferred_lft forever
[root@fedora 16:31:28 /home/ctambunan/TambunanShellScripting/ElasticSearch01]$ cd ..
[root@fedora 16:33:04 /home/ctambunan/TambunanShellScripting]$ history >> History_of_Redhat_Fedora_Server100.txt
[root@fedora 16:33:15 /home/ctambunan/TambunanShellScripting]$ ls -la
total 4860
drwxrwxrwx. 15 root      root         8192 Jan 26 13:28 .
drwx------. 14 ctambunan ctambunan    4096 Jan 26 14:32 ..
drwxr-xr-x.  2 root      root            6 Jan 10 15:16 1
-rw-r--r--.  1 root      root           41 Jan 10 11:08 andidori.sh
drwxr-xr-x.  2 root      root            6 Jan 10 15:16 echo
drwxr-xr-x.  2 root      root         4096 Jan 26 14:32 ElasticSearch01
drwxr-xr-x.  2 root      root            6 Jan 10 15:36 ElasticSearch02
drwxr-xr-x.  2 root      root            6 Jan 10 15:36 ElasticSearch03
drwxr-xr-x.  2 root      root            6 Jan 10 15:43 ElasticSearch04
drwxr-xr-x.  2 root      root            6 Jan 10 15:43 ElasticSearch05
drwxr-xr-x.  2 root      root            6 Jan 10 15:43 ElasticSearch06
drwxr-xr-x.  2 root      root            6 Jan 21 03:01 ElasticSearch07
drwxr-xr-x.  2 root      root            6 Jan 21 03:01 ElasticSearch08
drwxr-xr-x.  2 root      root            6 Jan 21 03:01 ElasticSearch09
drwxr-xr-x.  2 root      root            6 Jan 21 03:01 ElasticSearch10
-rwxr-xr-x.  1 root      root          414 Jan 10 11:04 firstscript.sh
-rw-r--r--.  1 root      root           79 Jan 10 17:36 FiveScript.sh
-rw-r--r--.  1 root      root          121 Jan 10 16:45 FourthScript.sh
-rw-r--r--.  1 root      root        32683 Jan 26 16:33 History_of_Redhat_Fedora_Server100.txt
-rw-r--r--.  1 root      root        14442 Jan 10 11:31 History_of_Redhat_Fedora_Server_41.txt
-rw-r--r--.  1 root      root        15355 Jan 10 11:43 History_of_Redhat_Fedora_Server_42.txt
-rw-r--r--.  1 root      root        16385 Jan 10 12:40 History_of_Redhat_Fedora_Server_43.txt
-rw-r--r--.  1 root      root        19270 Jan 10 17:37 History_of_Redhat_Fedora_Server_44.txt
-rw-r--r--.  1 root      root        32338 Jan 19 20:04 History_of_Redhat_Fedora_Server_45.txt
-rw-r--r--.  1 root      root        32379 Jan 19 20:04 History_of_Redhat_Fedora_Server_46.txt
-rw-r--r--.  1 root      root        32422 Jan 19 20:04 History_of_Redhat_Fedora_Server_47.txt
-rw-r--r--.  1 root      root        32458 Jan 19 20:04 History_of_Redhat_Fedora_Server_48.txt
-rw-r--r--.  1 root      root        32501 Jan 19 20:04 History_of_Redhat_Fedora_Server_49.txt
-rw-r--r--.  1 root      root        32546 Jan 19 20:04 History_of_Redhat_Fedora_Server_50.txt
-rw-r--r--.  1 root      root        20450 Jan 11 18:29 History_of_Redhat_Fedora_Server51.txt
-rw-r--r--.  1 root      root      2553981 Jan 12 09:34 History_of_Redhat_Fedora_Server52.txt
-rw-r--r--.  1 root      root        25250 Jan 12 10:56 History_of_Redhat_Fedora_Server53.txt
-rw-r--r--.  1 root      root          745 Jan 12 11:25 History_of_Redhat_Fedora_Server54.txt
-rw-r--r--.  1 root      root        26304 Jan 12 11:59 History_of_Redhat_Fedora_Server55.txt
-rw-r--r--.  1 root      root          491 Jan 12 18:35 History_of_Redhat_Fedora_Server56.txt
-rw-r--r--.  1 root      root          525 Jan 12 18:35 History_of_Redhat_Fedora_Server57.txt
-rw-r--r--.  1 root      root        28194 Jan 12 18:52 History_of_Redhat_Fedora_Server58.txt
-rw-r--r--.  1 root      root        29026 Jan 13 10:29 History_of_Redhat_Fedora_Server59.txt
-rw-r--r--.  1 root      root          823 Jan 13 11:37 History_of_Redhat_Fedora_Server60.txt
-rw-r--r--.  1 root      root        30594 Jan 13 11:47 History_of_Redhat_Fedora_Server61.txt
-rw-r--r--.  1 root      root        31069 Jan 13 12:46 History_of_Redhat_Fedora_Server62.txt
-rw-r--r--.  1 root      root        31533 Jan 14 10:26 History_of_Redhat_Fedora_Server63.txt
-rw-r--r--.  1 root      root        31146 Jan 14 16:23 History_of_Redhat_Fedora_Server64.txt
-rw-r--r--.  1 root      root        31622 Jan 14 18:15 History_of_Redhat_Fedora_Server65.txt
-rw-r--r--.  1 root      root        31441 Jan 17 13:15 History_of_Redhat_Fedora_Server66.txt
-rw-r--r--.  1 root      root        31459 Jan 17 16:04 History_of_Redhat_Fedora_Server67.txt
-rw-r--r--.  1 root      root        31586 Jan 17 16:26 History_of_Redhat_Fedora_Server68.txt
-rw-r--r--.  1 root      root        31468 Jan 17 16:31 History_of_Redhat_Fedora_Server69.txt
-rw-r--r--.  1 root      root        31532 Jan 17 16:38 History_of_Redhat_Fedora_Server70.txt
-rw-r--r--.  1 root      root         3364 Jan 12 18:13 History_of_Redhat_Fedora_Server71.txt
-rw-r--r--.  1 root      root        31793 Jan 17 16:56 History_of_Redhat_Fedora_Server72.txt
-rw-r--r--.  1 root      root        32467 Jan 17 17:07 History_of_Redhat_Fedora_Server73.txt
-rwxrwxrwx.  1 root      root        32635 Jan 19 23:33 History_of_Redhat_Fedora_Server74.txt
-rwxrwxrwx.  1 root      root        32494 Jan 19 23:33 History_of_Redhat_Fedora_Server75.txt
-rwxrwxrwx.  1 root      root        32361 Jan 19 19:57 History_of_Redhat_Fedora_Server76.txt
-rwxrwxrwx.  1 root      root        32316 Jan 20 00:16 History_of_Redhat_Fedora_Server77.txt
-rwxrwxrwx.  1 root      root        32370 Jan 20 17:56 History_of_Redhat_Fedora_Server78.txt
-rwxrwxrwx.  1 root      root        32579 Jan 21 02:30 History_of_Redhat_Fedora_Server79.txt
-rwxrwxrwx.  1 root      root        32468 Jan 21 02:49 History_of_Redhat_Fedora_Server80.txt
-rw-rw-r--.  1 ctambunan ctambunan   67148 Jan 24 17:39 History_of_Redhat_Fedora_Server81.txt
-rw-rw-r--.  1 ctambunan ctambunan    2193 Jan 24 17:39 History_of_Redhat_Fedora_Server82.txt
-rw-rw-r--.  1 ctambunan ctambunan   71306 Jan 24 17:39 History_of_Redhat_Fedora_Server83.txt
-rw-rw-r--.  1 ctambunan ctambunan     585 Jan 24 17:39 History_of_Redhat_Fedora_Server84.txt
-rw-rw-r--.  1 ctambunan ctambunan     817 Jan 24 17:39 History_of_Redhat_Fedora_Server85.txt
-rw-rw-r--.  1 ctambunan ctambunan  315105 Jan 24 17:39 History_of_Redhat_Fedora_Server86.txt
-rw-rw-r--.  1 ctambunan ctambunan  130137 Jan 24 17:39 History_of_Redhat_Fedora_Server87.txt
-rw-rw-r--.  1 ctambunan ctambunan   41512 Jan 24 17:39 History_of_Redhat_Fedora_Server88.txt
-rw-rw-r--.  1 ctambunan ctambunan   94413 Jan 24 17:39 History_of_Redhat_Fedora_Server89.txt
-rw-rw-r--.  1 ctambunan ctambunan  114124 Jan 24 17:39 History_of_Redhat_Fedora_Server90.txt
-rwxrwxrwx.  1 root      root         7369 Jan 21 20:11 History_of_Redhat_Fedora_Server91.txt
-rwxrwxrwx+  1 root      root         4082 Jan 21 20:12 History_of_Redhat_Fedora_Server92.txt
-rwxrwxrwx.  1 root      root        63932 Jan 24 08:54 History_of_Redhat_Fedora_Server93.txt
-rwxrwxrwx.  1 root      root         8911 Jan 24 08:52 History_of_Redhat_Fedora_Server94.txt
-rwxrwxrwx.  1 root      root        19487 Jan 24 08:52 History_of_Redhat_Fedora_Server95.txt
-rw-r--r--.  1 root      root        33030 Jan 24 09:29 History_of_Redhat_Fedora_Server96.txt
-rw-r--r--.  1 root      root        33131 Jan 24 10:17 History_of_Redhat_Fedora_Server97.txt
-rw-r--r--.  1 root      root        32938 Jan 24 13:56 History_of_Redhat_Fedora_Server98.txt
-rw-r--r--.  1 root      root       205911 Jan 24 17:24 History_of_Redhat_Fedora_Server99.txt
-rw-r--r--.  1 root      root          111 Jan 10 12:38 SecondScript.sh
drwxr-xr-x.  2 root      root          108 Jan 14 16:13 tambunan
-rw-r--r--.  1 root      root          384 Jan 10 17:56 ThirdScript.sh
[root@fedora 16:33:16 /home/ctambunan/TambunanShellScripting]$ curl -X GET "localhost:9200/?pretty"
{
  "name" : "fedora",
  "cluster_name" : "elasticsearch",
  "cluster_uuid" : "cari7MNDTkKnVMHu-u7GNg",
  "version" : {
    "number" : "7.16.3",
    "build_flavor" : "default",
    "build_type" : "rpm",
    "build_hash" : "4e6e4eab2297e949ec994e688dad46290d018022",
    "build_date" : "2022-01-06T23:43:02.825887787Z",
    "build_snapshot" : false,
    "lucene_version" : "8.10.1",
    "minimum_wire_compatibility_version" : "6.8.0",
    "minimum_index_compatibility_version" : "6.0.0-beta1"
  },
  "tagline" : "You Know, for Search"
}
[root@fedora 16:34:52 /home/ctambunan/TambunanShellScripting]$ exit
exit
